<html>
<body>
<pre>
<h1>礦ision Build Log</h1>
<h2>Project:</h2>
E:\ShengLi\01-Farsight\物联网\FS_11C14物联网开发平台配套资料V6.0\源码测试\27_巡线（黑丝带）试验\tracking\project.uvproj
Project File Date:  08/06/2013

<h2>Output:</h2>
Build target 'Sensor_Prj'
assembling startup_LPC11xx.s...
compiling core_cm0.c...
compiling system_LPC11xx.c...
compiling adc.c...
compiling gpio.c...
compiling ssp.c...
compiling retarget.c...
compiling uart.c...
compiling tools.c...
compiling oled2864.c...
compiling main.c...
linking...
Program Size: Code=12028 RO-data=2704 RW-data=60 ZI-data=676  
FromELF: creating hex file...
".\output\Sensor_Prj.axf" - 0 Error(s), 0 Warning(s).
Load "E:\\ShengLi\\01-Farsight\\物联网\\FS_11C14物联网开发平台配套资料V6.0\\源码测试\\27_巡线（黑丝带）试验\\tracking\\output\\Sensor_Prj.AXF" 
'D:\Program Files\Keil\ARM\BIN\coocox-agdi.dll' invalid peripheral driver
Load "E:\\ShengLi\\01-Farsight\\物联网\\FS_11C14物联网开发平台配套资料V6.0\\源码测试\\27_巡线（黑丝带）试验\\tracking\\output\\Sensor_Prj.AXF" 
Erasing Done.
Programming Done: 26.32 KByte/s
Verify Done.
