<html>
<body>
<pre>
<h1>礦ision Build Log</h1>
<h2>Project:</h2>
C:\Documents and Settings\Administrator\桌面\FS_11C14光盘\实验代码_新\模块实验\04_SysTick\project.uvproj
Project File Date:  11/25/2011

<h2>Output:</h2>
Build target 'SysTick'
assembling startup_LPC11xx.s...
compiling core_cm0.c...
compiling system_LPC11xx.c...
compiling gpio.c...
compiling main.c...
linking...
Program Size: Code=2092 RO-data=252 RW-data=56 ZI-data=608  
FromELF: creating hex file...
".\output\SysTick.axf" - 0 Error(s), 0 Warning(s).
