<html>
<body>
<pre>
<h1>µVision Build Log</h1>
<h2>Project:</h2>
E:\eMb_Design\eMb_016_M0 20110228\Cortex-M0 ÊµÑé V1.20\08_SSP V1.20\project.uvproj
Project File Date:  05/08/2011

<h2>Output:</h2>
Build target 'SSP'
assembling startup_LPC11xx.s...
compiling core_cm0.c...
compiling system_LPC11xx.c...
compiling gpio.c...
compiling retarget.c...
compiling uart.c...
compiling main.c...
compiling ssp.c...
linking...
Program Size: Code=4992 RO-data=248 RW-data=88 ZI-data=704  
FromELF: creating hex file...
".\obj\SSP.axf" - 0 Error(s), 0 Warning(s).
Build target 'SSP'
assembling startup_LPC11xx.s...
compiling core_cm0.c...
compiling system_LPC11xx.c...
compiling gpio.c...
compiling retarget.c...
compiling uart.c...
compiling main.c...
compiling ssp.c...
linking...
Program Size: Code=4932 RO-data=248 RW-data=88 ZI-data=704  
FromELF: creating hex file...
".\obj\SSP.axf" - 0 Error(s), 0 Warning(s).
