<html>
<body>
<pre>
<h1>礦ision Build Log</h1>
<h2>Project:</h2>
E:\项目\物联网仓储管理\项目分发给学生资料--A9\M0相关\M0工具\M0ZigBee配置前需要下载的程序\v4.0\实验_Full\Full V2.33\project.uvproj
Project File Date:  05/08/2013

<h2>Output:</h2>
Build target 'Full'
assembling startup_LPC11xx.s...
compiling core_cm0.c...
compiling system_LPC11xx.c...
compiling clkconfig.c...
compiling gpio.c...
compiling uart.c...
compiling retarget.c...
compiling timer32.c...
compiling ssp.c...
compiling i2c.c...
compiling can.c...
compiling adc.c...
compiling tools.c...
compiling key.c...
compiling seg7led.c...
compiling oled2864.c...
compiling temp_hum.c...
compiling light.c...
compiling acc.c...
compiling rfid.c...
compiling spi_uart.c...
compiling main.c...
compiling can_pgm.c...
compiling led_spk_fan_adc.c...
compiling menu.c...
linking...
Program Size: Code=25576 RO-data=2808 RW-data=248 ZI-data=1920  
FromELF: creating hex file...
".\output\Full.axf" - 0 Error(s), 0 Warning(s).
Load "E:\\项目\\物联网仓储管理\\项目分发给学生资料--A9\\M0相关\\M0工具\\M0ZigBee配置前需要下载的程序\\v4.0\\实验_Full\\Full V2.33\\output\\Full.AXF" 
Erasing Done.
Program Speed: 15.29 KByte/s
Programming Done.
Verify Done.
