<html>
<body>
<pre>
<h1>礦ision Build Log</h1>
<h2>Project:</h2>
E:\www.embedu.org\020 广西物联网技术与实践高级研修班 20111125_3\09_实验_Sensor\Sensor V2.40\project.uvproj
Project File Date:  11/26/2011

<h2>Output:</h2>
Build target 'Sensor_Prj'
assembling startup_LPC11xx.s...
compiling core_cm0.c...
compiling system_LPC11xx.c...
compiling clkconfig.c...
compiling gpio.c...
compiling uart.c...
compiling retarget.c...
compiling timer32.c...
compiling ssp.c...
compiling i2c.c...
compiling adc.c...
compiling tools.c...
compiling key.c...
compiling seg7led.c...
compiling oled2864.c...
compiling temp_hum.c...
compiling light.c...
compiling acc.c...
compiling main.c...
compiling menu.c...
compiling sensor.c...
compiling lpc11c14_it.c...
linking...
Program Size: Code=21804 RO-data=2880 RW-data=184 ZI-data=704  
FromELF: creating hex file...
".\output\Sensor_Prj.axf" - 0 Error(s), 0 Warning(s).
