<html>
<body>
<pre>
<h1>礦ision Build Log</h1>
<h2>Project:</h2>
E:\项目\物联网仓储管理\项目分发给学生资料--A9\M0相关\m0参考代码\测试程序_华清远见\19_Full实验\Full\project.uvproj
Project File Date:  10/12/2014

<h2>Output:</h2>
Build target 'Full'
assembling startup_LPC11xx.s...
compiling core_cm0.c...
compiling system_LPC11xx.c...
compiling clkconfig.c...
compiling gpio.c...
compiling uart.c...
compiling retarget.c...
compiling timer32.c...
compiling ssp.c...
compiling i2c.c...
compiling can.c...
compiling adc.c...
compiling tools.c...
compiling key.c...
compiling seg7led.c...
compiling oled2864.c...
compiling temp_hum.c...
compiling light.c...
compiling acc.c...
compiling rfid.c...
compiling spi_uart.c...
compiling main.c...
compiling can_pgm.c...
compiling menu.c...
compiling sensor.c...
compiling led_spk_fan.c...
compiling lpc11c14_it.c...
linking...
Program Size: Code=28744 RO-data=2964 RW-data=256 ZI-data=1920  
FromELF: creating hex file...
".\output\Full.axf" - 0 Error(s), 0 Warning(s).
Load "E:\\项目\\物联网仓储管理\\项目分发给学生资料--A9\\M0相关\\m0参考代码\\测试程序_华清远见\\19_Full实验\\Full\\output\\Full.AXF" 
*** Error: 'd:\Keil\ARM\BIN\coocox-agdi.dll' invalid peripheral driver
Load "E:\\项目\\物联网仓储管理\\项目分发给学生资料--A9\\M0相关\\m0参考代码\\测试程序_华清远见\\19_Full实验\\Full\\output\\Full.AXF" 
Erasing Done.
Program Speed: 31.52 KByte/s
Programming Done.
