<html>
<body>
<pre>
<h1>礦ision Build Log</h1>
<h2>Project:</h2>
E:\sys_m0\震动传感器试验\shocking\project.uvproj
Project File Date:  08/05/2013

<h2>Output:</h2>
Rebuild target 'Sensor_Prj'
assembling startup_LPC11xx.s...
compiling core_cm0.c...
compiling system_LPC11xx.c...
compiling adc.c...
compiling gpio.c...
compiling ssp.c...
compiling retarget.c...
compiling uart.c...
compiling tools.c...
compiling oled2864.c...
compiling main.c...
linking...
Program Size: Code=12032 RO-data=2704 RW-data=52 ZI-data=676  
FromELF: creating hex file...
".\output\Sensor_Prj.axf" - 0 Error(s), 0 Warning(s).
Load "E:\\sys_m0\\震动传感器试验\\shocking\\output\\Sensor_Prj.AXF" 
'C:\Keil\ARM\BIN\coocox-agdi.dll' invalid peripheral driver
Load "E:\\sys_m0\\震动传感器试验\\shocking\\output\\Sensor_Prj.AXF" 
'C:\Keil\ARM\BIN\coocox-agdi.dll' invalid peripheral driver
Rebuild target 'Sensor_Prj'
assembling startup_LPC11xx.s...
compiling core_cm0.c...
compiling system_LPC11xx.c...
compiling adc.c...
compiling gpio.c...
compiling ssp.c...
compiling retarget.c...
compiling uart.c...
compiling tools.c...
compiling oled2864.c...
compiling main.c...
linking...
Program Size: Code=12032 RO-data=2704 RW-data=52 ZI-data=676  
FromELF: creating hex file...
".\output\Sensor_Prj.axf" - 0 Error(s), 0 Warning(s).
Load "E:\\sys_m0\\震动传感器试验\\shocking\\output\\Sensor_Prj.AXF" 
'C:\Keil\ARM\BIN\coocox-agdi.dll' invalid peripheral driver
Load "E:\\sys_m0\\震动传感器试验\\shocking\\output\\Sensor_Prj.AXF" 
'C:\Keil\ARM\BIN\coocox-agdi.dll' invalid peripheral driver
Rebuild target 'Sensor_Prj'
assembling startup_LPC11xx.s...
compiling core_cm0.c...
compiling system_LPC11xx.c...
compiling adc.c...
compiling gpio.c...
compiling ssp.c...
compiling retarget.c...
compiling uart.c...
compiling tools.c...
compiling oled2864.c...
compiling main.c...
linking...
Program Size: Code=12036 RO-data=2704 RW-data=52 ZI-data=676  
FromELF: creating hex file...
".\output\Sensor_Prj.axf" - 0 Error(s), 0 Warning(s).
