<html>
<body>
<pre>
<h1>礦ision Build Log</h1>
<h2>Project:</h2>
G:\FS_11C14物联网开发平台配套资料V6.0\源码测试\14_火焰传感器试验\flame\project.uvproj
Project File Date:  07/20/2014

<h2>Output:</h2>
Build target 'Sensor_Prj'
assembling startup_LPC11xx.s...
compiling core_cm0.c...
compiling system_LPC11xx.c...
compiling adc.c...
compiling gpio.c...
compiling ssp.c...
compiling retarget.c...
compiling uart.c...
compiling tools.c...
compiling oled2864.c...
compiling main.c...
compiling lpc11c14_it.c...
compiling sensor.c...
linking...
Program Size: Code=15044 RO-data=2832 RW-data=100 ZI-data=708  
FromELF: creating hex file...
".\output\Sensor_Prj.axf" - 0 Error(s), 0 Warning(s).
Load "G:\\FS_11C14物联网开发平台配套资料V6.0\\源码测试\\14_火焰传感器试验\\flame\\output\\Sensor_Prj.AXF" 
*** Error: 'f:\Keil\ARM\BIN\coocox-agdi.dll' invalid peripheral driver
