ARM Linker, 4.1 [Build 791] [Evaluation]

==============================================================================

Section Cross References

    startup_lpc11xx.o(STACK) refers (Special) to heapauxi.o(.text) for __use_two_region_memory
    startup_lpc11xx.o(HEAP) refers (Special) to heapauxi.o(.text) for __use_two_region_memory
    startup_lpc11xx.o(RESET) refers (Special) to heapauxi.o(.text) for __use_two_region_memory
    startup_lpc11xx.o(RESET) refers to startup_lpc11xx.o(STACK) for __initial_sp
    startup_lpc11xx.o(RESET) refers to startup_lpc11xx.o(.text) for Reset_Handler
    startup_lpc11xx.o(RESET) refers to main.o(.text) for SysTick_Handler
    startup_lpc11xx.o(RESET) refers to ssp.o(.text) for SSP1_IRQHandler
    startup_lpc11xx.o(RESET) refers to i2c.o(.text) for I2C_IRQHandler
    startup_lpc11xx.o(RESET) refers to timer32.o(.text) for TIMER32_0_IRQHandler
    startup_lpc11xx.o(RESET) refers to uart.o(.text) for UART_IRQHandler
    startup_lpc11xx.o(RESET) refers to watchdog.o(.text) for WDT_IRQHandler
    startup_lpc11xx.o(RESET) refers to gpio.o(.text) for PIOINT3_IRQHandler
    startup_lpc11xx.o(.ARM.__at_0x02FC) refers (Special) to heapauxi.o(.text) for __use_two_region_memory
    startup_lpc11xx.o(.text) refers (Special) to heapauxi.o(.text) for __use_two_region_memory
    startup_lpc11xx.o(.text) refers to __main.o(!!!main) for __main
    startup_lpc11xx.o(.text) refers to startup_lpc11xx.o(HEAP) for Heap_Mem
    startup_lpc11xx.o(.text) refers to startup_lpc11xx.o(STACK) for Stack_Mem
    system_lpc11xx.o(.text) refers to system_lpc11xx.o(.data) for ClockSource
    gpio.o(.text) refers to spi_uart.o(.text) for ZigBee_IRQ_Process
    gpio.o(.text) refers to gpio.o(.data) for gpio0_counter
    gpio.o(.text) refers to gpio.o(.constdata) for LPC_GPIO
    uart.o(.text) refers to aeabi_sdiv.o(.text) for __aeabi_uidivmod
    uart.o(.text) refers to c89vsnprintf.o(.text) for __c89vsnprintf
    uart.o(.text) refers to uart.o(.data) for UARTStatus
    uart.o(.text) refers to uart.o(.bss) for UARTBuffer
    uart.o(.text) refers to system_lpc11xx.o(.data) for SystemAHBFrequency
    retarget.o(.text) refers (Special) to use_no_semi.o(.text) for __use_no_semihosting_swi
    retarget.o(.text) refers to uart.o(.data) for UARTCount
    retarget.o(.text) refers to uart.o(.bss) for UARTBuffer
    retarget.o(.data) refers (Special) to use_no_semi.o(.text) for __use_no_semihosting_swi
    timer32.o(.text) refers to aeabi_sdiv.o(.text) for __aeabi_uidivmod
    timer32.o(.text) refers to system_lpc11xx.o(.data) for SystemAHBFrequency
    timer32.o(.text) refers to timer32.o(.data) for timer32_0_counter
    ssp.o(.text) refers to gpio.o(.text) for GPIOSetDir
    ssp.o(.text) refers to ssp.o(.data) for interruptOverRunStat0
    i2c.o(.text) refers to i2c.o(i.__ARM_common_switch8) for __ARM_common_switch8
    i2c.o(.text) refers to i2c.o(.data) for WrIndex
    tools.o(.text) refers to aeabi_sdiv.o(.text) for __aeabi_uidivmod
    oled2864.o(.text) refers to gpio.o(.text) for GPIOSetValue
    oled2864.o(.text) refers to ssp.o(.text) for SPI_PutGet
    oled2864.o(.text) refers to oled2864.o(.constdata) for Ascii_1
    spi_uart.o(.text) refers to gpio.o(.text) for GPIOSetValue
    spi_uart.o(.text) refers to ssp.o(.text) for SPI_PutGet
    spi_uart.o(.text) refers to aeabi_sdiv.o(.text) for __aeabi_uidivmod
    spi_uart.o(.text) refers to spi_uart.o(.bss) for SPI752_rbuf_0
    spi_uart.o(.text) refers to spi_uart.o(.data) for SPI752_rbuf_0_ip
    main.o(.text) refers to timer32.o(.text) for init_timer32PWM
    main.o(.text) refers to tools.o(.text) for delay_ms
    main.o(.text) refers to system_lpc11xx.o(.text) for SystemInit
    main.o(.text) refers to gpio.o(.text) for GPIOInit
    main.o(.text) refers to uart.o(.text) for UARTInit
    main.o(.text) refers to __2printf.o(.text) for __2printf
    main.o(.text) refers to ssp.o(.text) for SPI_IOConfig
    main.o(.text) refers to oled2864.o(.text) for OLED_Init_I
    main.o(.text) refers to watchdog.o(.text) for WDTInit
    main.o(.text) refers to main.o(.data) for period
    watchdog.o(.text) refers to oled2864.o(.text) for OLED_ClearScreen
    watchdog.o(.text) refers to tools.o(.text) for delay_ms
    watchdog.o(.text) refers to watchdog.o(.data) for wdt_counter
    c89vsnprintf.o(.text) refers (Special) to _printf_a.o(.ARM.Collect$$_printf_percent$$00000006) for _printf_a
    c89vsnprintf.o(.text) refers (Special) to _printf_c.o(.ARM.Collect$$_printf_percent$$00000013) for _printf_c
    c89vsnprintf.o(.text) refers (Special) to _printf_charcount.o(.text) for _printf_charcount
    c89vsnprintf.o(.text) refers (Special) to _printf_d.o(.ARM.Collect$$_printf_percent$$00000009) for _printf_d
    c89vsnprintf.o(.text) refers (Special) to _printf_e.o(.ARM.Collect$$_printf_percent$$00000004) for _printf_e
    c89vsnprintf.o(.text) refers (Special) to _printf_f.o(.ARM.Collect$$_printf_percent$$00000003) for _printf_f
[...]
    ../../angel/startup.s                    0x00000000   Number         0  __main.o ABSOLUTE
    ../../angel/sys.s                        0x00000000   Number         0  libspace.o ABSOLUTE
    ../../angel/sys.s                        0x00000000   Number         0  use_no_semi.o ABSOLUTE
    ../../angel/sys.s                        0x00000000   Number         0  indicate_semi.o ABSOLUTE
    ../../angel/sys.s                        0x00000000   Number         0  sys_stackheap_outer.o ABSOLUTE
    ../../angel/sys.s                        0x00000000   Number         0  tempstk.o ABSOLUTE
    ../../angel/sysapp.c                     0x00000000   Number         0  sys_command.o ABSOLUTE
    ../../armsys.c                           0x00000000   Number         0  no_argv.o ABSOLUTE
    ../../armsys.c                           0x00000000   Number         0  _get_argv_nomalloc.o ABSOLUTE
    ../../armsys.c                           0x00000000   Number         0  argv_veneer.o ABSOLUTE
    ../../bigflt.c                           0x00000000   Number         0  bigflt0.o ABSOLUTE
    ../../btod.c                             0x00000000   Number         0  btod.o ABSOLUTE
    ../../cfplib/fpinit.c                    0x00000000   Number         0  fpinit.o ABSOLUTE
    ../../cfplib/ieee_status.c               0x00000000   Number         0  ieee_status.o ABSOLUTE
    ../../division.c                         0x00000000   Number         0  lludiv10.o ABSOLUTE
    ../../division.c                         0x00000000   Number         0  rtudiv10.o ABSOLUTE
    ../../division.s                         0x00000000   Number         0  aeabi_sdiv.o ABSOLUTE
    ../../division.s                         0x00000000   Number         0  aeabi_sdiv_div0.o ABSOLUTE
    ../../fpclassify.c                       0x00000000   Number         0  fpclassify.o ABSOLUTE
    ../../heapalloc.c                        0x00000000   Number         0  hrguard.o ABSOLUTE
    ../../heapaux.c                          0x00000000   Number         0  heapauxi.o ABSOLUTE
    ../../libinit.s                          0x00000000   Number         0  libshutdown.o ABSOLUTE
    ../../libinit.s                          0x00000000   Number         0  libinit.o ABSOLUTE
    ../../libinit.s                          0x00000000   Number         0  libinit2.o ABSOLUTE
    ../../libinit.s                          0x00000000   Number         0  libshutdown2.o ABSOLUTE
    ../../locale.c                           0x00000000   Number         0  _wcrtomb.o ABSOLUTE
    ../../locale.s                           0x00000000   Number         0  lc_ctype_c.o ABSOLUTE
    ../../locale.s                           0x00000000   Number         0  lc_numeric_c.o ABSOLUTE
    ../../misc.s                             0x00000000   Number         0  printf_stubs.o ABSOLUTE
    ../../printf.c                           0x00000000   Number         0  _printf_fp_infnan.o ABSOLUTE
    ../../printf.c                           0x00000000   Number         0  _printf_longlong_dec.o ABSOLUTE
    ../../printf.c                           0x00000000   Number         0  _printf_oct_ll.o ABSOLUTE
    ../../printf.c                           0x00000000   Number         0  _printf_oct_int.o ABSOLUTE
    ../../printf.c                           0x00000000   Number         0  _printf_oct_int_ll.o ABSOLUTE
    ../../printf.c                           0x00000000   Number         0  _printf_hex_ll.o ABSOLUTE
    ../../printf.c                           0x00000000   Number         0  _printf_hex_int.o ABSOLUTE
    ../../printf.c                           0x00000000   Number         0  _printf_hex_int_ll.o ABSOLUTE
    ../../printf.c                           0x00000000   Number         0  _printf_hex_ptr.o ABSOLUTE
    ../../printf.c                           0x00000000   Number         0  _printf_hex_int_ptr.o ABSOLUTE
    ../../printf.c                           0x00000000   Number         0  _printf_hex_ll_ptr.o ABSOLUTE
    ../../printf.c                           0x00000000   Number         0  _printf_hex_int_ll_ptr.o ABSOLUTE
    ../../printf.c                           0x00000000   Number         0  _printf_wchar.o ABSOLUTE
    ../../printf.c                           0x00000000   Number         0  __printf_flags.o ABSOLUTE
    ../../printf.c                           0x00000000   Number         0  __printf_ss.o ABSOLUTE
    ../../printf.c                           0x00000000   Number         0  __printf_flags_ss.o ABSOLUTE
    ../../printf.c                           0x00000000   Number         0  _printf_char.o ABSOLUTE
    ../../printf.c                           0x00000000   Number         0  __printf_flags_wp.o ABSOLUTE
    ../../printf.c                           0x00000000   Number         0  __printf_ss_wp.o ABSOLUTE
    ../../printf.c                           0x00000000   Number         0  __printf_flags_ss_wp.o ABSOLUTE
    ../../printf.c                           0x00000000   Number         0  __printf_nopercent.o ABSOLUTE
    ../../printf.c                           0x00000000   Number         0  _printf_fp_dec.o ABSOLUTE
    ../../printf.c                           0x00000000   Number         0  _printf_intcommon.o ABSOLUTE
    ../../printf.c                           0x00000000   Number         0  c89vsnprintf.o ABSOLUTE
    ../../printf.c                           0x00000000   Number         0  __2printf.o ABSOLUTE
    ../../printf.c                           0x00000000   Number         0  noretval__2printf.o ABSOLUTE
    ../../printf.c                           0x00000000   Number         0  __printf_wp.o ABSOLUTE
    ../../printf.c                           0x00000000   Number         0  __printf.o ABSOLUTE
    ../../printf.c                           0x00000000   Number         0  _printf_pad.o ABSOLUTE
    ../../printf.c                           0x00000000   Number         0  _printf_truncate.o ABSOLUTE
    ../../printf.c                           0x00000000   Number         0  _printf_str.o ABSOLUTE
    ../../printf.c                           0x00000000   Number         0  _printf_dec.o ABSOLUTE
    ../../printf.c                           0x00000000   Number         0  _printf_charcount.o ABSOLUTE
    ../../printf.c                           0x00000000   Number         0  _printf_char_common.o ABSOLUTE
    ../../printf.c                           0x00000000   Number         0  _sputc.o ABSOLUTE
    ../../printf.c                           0x00000000   Number         0  _snputc.o ABSOLUTE
    ../../printf.c                           0x00000000   Number         0  _printf_char_file.o ABSOLUTE
    ../../printf.c                           0x00000000   Number         0  _printf_wctomb.o ABSOLUTE
    ../../printf1.s                          0x00000000   Number         0  printf1.o ABSOLUTE
    ../../printf_percent.s                   0x00000000   Number         0  _printf_i.o ABSOLUTE
    ../../printf_percent.s                   0x00000000   Number         0  _printf_llx.o ABSOLUTE
    ../../printf_percent.s                   0x00000000   Number         0  _printf_d.o ABSOLUTE
    ../../printf_percent.s                   0x00000000   Number         0  _printf_llo.o ABSOLUTE
    ../../printf_percent.s                   0x00000000   Number         0  _printf_u.o ABSOLUTE
    ../../printf_percent.s                   0x00000000   Number         0  _printf_ls.o ABSOLUTE
    ../../printf_percent.s                   0x00000000   Number         0  _printf_ll.o ABSOLUTE
    ../../printf_percent.s                   0x00000000   Number         0  _printf_n.o ABSOLUTE
    ../../printf_percent.s                   0x00000000   Number         0  _printf_o.o ABSOLUTE
    ../../printf_percent.s                   0x00000000   Number         0  _printf_f.o ABSOLUTE
    ../../printf_percent.s                   0x00000000   Number         0  _printf_lc.o ABSOLUTE
    ../../printf_percent.s                   0x00000000   Number         0  _printf_c.o ABSOLUTE
    ../../printf_percent.s                   0x00000000   Number         0  _printf_e.o ABSOLUTE
    ../../printf_percent.s                   0x00000000   Number         0  _printf_l.o ABSOLUTE
    ../../printf_percent.s                   0x00000000   Number         0  _printf_g.o ABSOLUTE
    ../../printf_percent.s                   0x00000000   Number         0  _printf_a.o ABSOLUTE
    ../../printf_percent.s                   0x00000000   Number         0  _printf_s.o ABSOLUTE
    ../../printf_percent.s                   0x00000000   Number         0  _printf_llu.o ABSOLUTE
    ../../printf_percent.s                   0x00000000   Number         0  _printf_percent.o ABSOLUTE
    ../../printf_percent.s                   0x00000000   Number         0  _printf_lld.o ABSOLUTE
    ../../printf_percent.s                   0x00000000   Number         0  _printf_lli.o ABSOLUTE
    ../../printf_percent.s                   0x00000000   Number         0  _printf_p.o ABSOLUTE
    ../../printf_percent.s                   0x00000000   Number         0  _printf_x.o ABSOLUTE
    ../../printf_percent.s                   0x00000000   Number         0  _printf_percent_end.o ABSOLUTE
    ../../signal.c                           0x00000000   Number         0  defsig_general.o ABSOLUTE
    ../../signal.c                           0x00000000   Number         0  defsig_rtmem_inner.o ABSOLUTE
    ../../signal.c                           0x00000000   Number         0  defsig_exit.o ABSOLUTE
    ../../signal.c                           0x00000000   Number         0  defsig_rtmem_outer.o ABSOLUTE
    ../../signal.c                           0x00000000   Number         0  defsig_fpe_inner.o ABSOLUTE
    ../../signal.c                           0x00000000   Number         0  defsig_stak_inner.o ABSOLUTE
    ../../signal.c                           0x00000000   Number         0  defsig_pvfn_inner.o ABSOLUTE
    ../../signal.c                           0x00000000   Number         0  defsig_rtmem_formal.o ABSOLUTE
    ../../signal.c                           0x00000000   Number         0  defsig_abrt_inner.o ABSOLUTE
    ../../signal.c                           0x00000000   Number         0  defsig_rtred_inner.o ABSOLUTE
    ../../signal.c                           0x00000000   Number         0  defsig_cppl_inner.o ABSOLUTE
    ../../signal.c                           0x00000000   Number         0  defsig_segv_inner.o ABSOLUTE
    ../../signal.c                           0x00000000   Number         0  defsig_other.o ABSOLUTE
    ../../signal.c                           0x00000000   Number         0  defsig_fpe_formal.o ABSOLUTE
    ../../signal.c                           0x00000000   Number         0  __raise.o ABSOLUTE
    ../../signal.c                           0x00000000   Number         0  defsig_fpe_outer.o ABSOLUTE
    ../../signal.s                           0x00000000   Number         0  defsig.o ABSOLUTE
    ../../stdlib.c                           0x00000000   Number         0  exit.o ABSOLUTE
    ../../string.c                           0x00000000   Number         0  strcmp.o ABSOLUTE
    ../../usenofp.s                          0x00000000   Number         0  usenofp.o ABSOLUTE
    ..\Lib_BSP\src\oled2864.c                0x00000000   Number         0  oled2864.o ABSOLUTE
    ..\Lib_BSP\src\spi_uart.c                0x00000000   Number         0  spi_uart.o ABSOLUTE
    ..\Lib_BSP\src\tools.c                   0x00000000   Number         0  tools.o ABSOLUTE
    ..\Lib_MCU\src\core_cm0.c                0x00000000   Number         0  core_cm0.o ABSOLUTE
    ..\Lib_MCU\src\gpio.c                    0x00000000   Number         0  gpio.o ABSOLUTE
    ..\Lib_MCU\src\i2c.c                     0x00000000   Number         0  i2c.o ABSOLUTE
    ..\Lib_MCU\src\retarget.c                0x00000000   Number         0  retarget.o ABSOLUTE
    ..\Lib_MCU\src\ssp.c                     0x00000000   Number         0  ssp.o ABSOLUTE
    ..\Lib_MCU\src\startup_LPC11xx.s         0x00000000   Number         0  startup_lpc11xx.o ABSOLUTE
    ..\Lib_MCU\src\system_LPC11xx.c          0x00000000   Number         0  system_lpc11xx.o ABSOLUTE
    ..\Lib_MCU\src\timer32.c                 0x00000000   Number         0  timer32.o ABSOLUTE
    ..\Lib_MCU\src\uart.c                    0x00000000   Number         0  uart.o ABSOLUTE
    ..\\Lib_MCU\\src\\core_cm0.c             0x00000000   Number         0  core_cm0.o ABSOLUTE
    dc.s                                     0x00000000   Number         0  dc.o ABSOLUTE
    src\main.c                               0x00000000   Number         0  main.o ABSOLUTE
    src\watchdog.c                           0x00000000   Number         0  watchdog.o ABSOLUTE
    !!!main                                  0x000000c0   Section        8  __main.o(!!!main)
    !!!scatter                               0x000000c8   Section       60  __scatter.o(!!!scatter)
    !!handler_copy                           0x00000104   Section       26  __scatter_copy.o(!!handler_copy)
    !!handler_zi                             0x00000120   Section       28  __scatter_zi.o(!!handler_zi)
    .ARM.Collect$$_printf_percent$$00000000  0x0000013c   Section        2  _printf_percent.o(.ARM.Collect$$_printf_percent$$00000000)
    .ARM.Collect$$_printf_percent$$00000001  0x0000013e   Section       10  _printf_n.o(.ARM.Collect$$_printf_percent$$00000001)
    .ARM.Collect$$_printf_percent$$00000002  0x00000148   Section       10  _printf_p.o(.ARM.Collect$$_printf_percent$$00000002)
    .ARM.Collect$$_printf_percent$$00000003  0x00000152   Section       10  _printf_f.o(.ARM.Collect$$_printf_percent$$00000003)
    .ARM.Collect$$_printf_percent$$00000004  0x0000015c   Section       10  _printf_e.o(.ARM.Collect$$_printf_percent$$00000004)
    .ARM.Collect$$_printf_percent$$00000005  0x00000166   Section       10  _printf_g.o(.ARM.Collect$$_printf_percent$$00000005)
    .ARM.Collect$$_printf_percent$$00000006  0x00000170   Section       10  _printf_a.o(.ARM.Collect$$_printf_percent$$00000006)
    .ARM.Collect$$_printf_percent$$00000007  0x0000017a   Section       10  _printf_ll.o(.ARM.Collect$$_printf_percent$$00000007)
    .ARM.Collect$$_printf_percent$$00000008  0x00000184   Section       10  _printf_i.o(.ARM.Collect$$_printf_percent$$00000008)
    .ARM.Collect$$_printf_percent$$00000009  0x0000018e   Section       10  _printf_d.o(.ARM.Collect$$_printf_percent$$00000009)
    .ARM.Collect$$_printf_percent$$0000000A  0x00000198   Section       10  _printf_u.o(.ARM.Collect$$_printf_percent$$0000000A)
    .ARM.Collect$$_printf_percent$$0000000B  0x000001a2   Section       10  _printf_o.o(.ARM.Collect$$_printf_percent$$0000000B)
    .ARM.Collect$$_printf_percent$$0000000C  0x000001ac   Section       10  _printf_x.o(.ARM.Collect$$_printf_percent$$0000000C)
    .ARM.Collect$$_printf_percent$$0000000D  0x000001b6   Section       10  _printf_lli.o(.ARM.Collect$$_printf_percent$$0000000D)
    .ARM.Collect$$_printf_percent$$0000000E  0x000001c0   Section       10  _printf_lld.o(.ARM.Collect$$_printf_percent$$0000000E)
    .ARM.Collect$$_printf_percent$$0000000F  0x000001ca   Section       10  _printf_llu.o(.ARM.Collect$$_printf_percent$$0000000F)
    .ARM.Collect$$_printf_percent$$00000010  0x000001d4   Section       10  _printf_llo.o(.ARM.Collect$$_printf_percent$$00000010)
    .ARM.Collect$$_printf_percent$$00000011  0x000001de   Section       10  _printf_llx.o(.ARM.Collect$$_printf_percent$$00000011)
    .ARM.Collect$$_printf_percent$$00000012  0x000001e8   Section       10  _printf_l.o(.ARM.Collect$$_printf_percent$$00000012)
    .ARM.Collect$$_printf_percent$$00000013  0x000001f2   Section       10  _printf_c.o(.ARM.Collect$$_printf_percent$$00000013)
    .ARM.Collect$$_printf_percent$$00000014  0x000001fc   Section       10  _printf_s.o(.ARM.Collect$$_printf_percent$$00000014)
    .ARM.Collect$$_printf_percent$$00000015  0x00000206   Section       10  _printf_lc.o(.ARM.Collect$$_printf_percent$$00000015)
    .ARM.Collect$$_printf_percent$$00000016  0x00000210   Section       10  _printf_ls.o(.ARM.Collect$$_printf_percent$$00000016)
    .ARM.Collect$$_printf_percent$$00000017  0x0000021a   Section        4  _printf_percent_end.o(.ARM.Collect$$_printf_percent$$00000017)
    .ARM.Collect$$libinit$$00000000          0x0000021e   Section        6  libinit.o(.ARM.Collect$$libinit$$00000000)
    .ARM.Collect$$libinit$$00000006          0x00000224   Section        0  libinit2.o(.ARM.Collect$$libinit$$00000006)
    .ARM.Collect$$libinit$$00000008          0x00000224   Section        0  libinit2.o(.ARM.Collect$$libinit$$00000008)
    .ARM.Collect$$libinit$$0000000A          0x00000224   Section        0  libinit2.o(.ARM.Collect$$libinit$$0000000A)
    .ARM.Collect$$libinit$$0000000B          0x00000224   Section        6  libinit2.o(.ARM.Collect$$libinit$$0000000B)
    .ARM.Collect$$libinit$$0000000D          0x0000022a   Section        0  libinit2.o(.ARM.Collect$$libinit$$0000000D)
    .ARM.Collect$$libinit$$0000000E          0x0000022a   Section       12  libinit2.o(.ARM.Collect$$libinit$$0000000E)
    .ARM.Collect$$libinit$$0000000F          0x00000236   Section        0  libinit2.o(.ARM.Collect$$libinit$$0000000F)
    .ARM.Collect$$libinit$$00000011          0x00000236   Section        0  libinit2.o(.ARM.Collect$$libinit$$00000011)
    .ARM.Collect$$libinit$$00000012          0x00000236   Section       10  libinit2.o(.ARM.Collect$$libinit$$00000012)
    .ARM.Collect$$libinit$$00000013          0x00000240   Section        0  libinit2.o(.ARM.Collect$$libinit$$00000013)
    .ARM.Collect$$libinit$$00000015          0x00000240   Section        0  libinit2.o(.ARM.Collect$$libinit$$00000015)
    .ARM.Collect$$libinit$$00000017          0x00000240   Section        0  libinit2.o(.ARM.Collect$$libinit$$00000017)
    .ARM.Collect$$libinit$$00000019          0x00000240   Section        0  libinit2.o(.ARM.Collect$$libinit$$00000019)
    .ARM.Collect$$libinit$$0000001B          0x00000240   Section        0  libinit2.o(.ARM.Collect$$libinit$$0000001B)
    .ARM.Collect$$libinit$$0000001D          0x00000240   Section        0  libinit2.o(.ARM.Collect$$libinit$$0000001D)
    .ARM.Collect$$libinit$$0000001F          0x00000240   Section        0  libinit2.o(.ARM.Collect$$libinit$$0000001F)
    .ARM.Collect$$libinit$$00000021          0x00000240   Section        0  libinit2.o(.ARM.Collect$$libinit$$00000021)
    .ARM.Collect$$libinit$$00000028          0x00000240   Section        0  libinit2.o(.ARM.Collect$$libinit$$00000028)
    .ARM.Collect$$libinit$$0000002A          0x00000240   Section        0  libinit2.o(.ARM.Collect$$libinit$$0000002A)
    .ARM.Collect$$libinit$$0000002C          0x00000240   Section        0  libinit2.o(.ARM.Collect$$libinit$$0000002C)
    .ARM.Collect$$libinit$$0000002E          0x00000240   Section        0  libinit2.o(.ARM.Collect$$libinit$$0000002E)
    .ARM.Collect$$libinit$$0000002F          0x00000240   Section        2  libinit2.o(.ARM.Collect$$libinit$$0000002F)
    .ARM.Collect$$libshutdown$$00000000      0x00000242   Section        2  libshutdown.o(.ARM.Collect$$libshutdown$$00000000)
    .ARM.Collect$$libshutdown$$00000003      0x00000244   Section        0  libshutdown2.o(.ARM.Collect$$libshutdown$$00000003)
    .ARM.Collect$$libshutdown$$00000006      0x00000244   Section        0  libshutdown2.o(.ARM.Collect$$libshutdown$$00000006)
    .ARM.Collect$$libshutdown$$00000009      0x00000244   Section        0  libshutdown2.o(.ARM.Collect$$libshutdown$$00000009)
    .ARM.Collect$$libshutdown$$0000000B      0x00000244   Section        0  libshutdown2.o(.ARM.Collect$$libshutdown$$0000000B)
    .ARM.Collect$$libshutdown$$0000000E      0x00000244   Section        0  libshutdown2.o(.ARM.Collect$$libshutdown$$0000000E)
    .ARM.Collect$$libshutdown$$0000000F      0x00000244   Section        2  libshutdown2.o(.ARM.Collect$$libshutdown$$0000000F)
    .ARM.Collect$$rtentry$$00000000          0x00000246   Section        0  rtentry.o(.ARM.Collect$$rtentry$$00000000)
    .ARM.Collect$$rtentry$$00000002          0x00000246   Section        0  rtentry2.o(.ARM.Collect$$rtentry$$00000002)
    .ARM.Collect$$rtentry$$00000004          0x00000246   Section        6  rtentry4.o(.ARM.Collect$$rtentry$$00000004)
    .ARM.Collect$$rtentry$$00000009          0x0000024c   Section        0  rtentry2.o(.ARM.Collect$$rtentry$$00000009)
    .ARM.Collect$$rtentry$$0000000A          0x0000024c   Section        4  rtentry2.o(.ARM.Collect$$rtentry$$0000000A)
    .ARM.Collect$$rtentry$$0000000C          0x00000250   Section        0  rtentry2.o(.ARM.Collect$$rtentry$$0000000C)
    .ARM.Collect$$rtentry$$0000000D          0x00000250   Section        8  rtentry2.o(.ARM.Collect$$rtentry$$0000000D)
    .ARM.Collect$$rtexit$$00000000           0x00000258   Section        2  rtexit.o(.ARM.Collect$$rtexit$$00000000)
    .ARM.Collect$$rtexit$$00000002           0x0000025a   Section        0  rtexit2.o(.ARM.Collect$$rtexit$$00000002)
    .ARM.Collect$$rtexit$$00000003           0x0000025a   Section        4  rtexit2.o(.ARM.Collect$$rtexit$$00000003)
    .ARM.Collect$$rtexit$$00000004           0x0000025e   Section        6  rtexit2.o(.ARM.Collect$$rtexit$$00000004)
    .text                                    0x00000264   Section       52  startup_lpc11xx.o(.text)
    .text                                    0x00000298   Section        2  use_no_semi.o(.text)
    .text                                    0x0000029c   Section        0  c89vsnprintf.o(.text)
    .text                                    0x000002d0   Section        0  __2printf.o(.text)
    .text                                    0x000002ec   Section        0  heapauxi.o(.text)
    .text                                    0x000002f2   Section        0  _sputc.o(.text)
    .ARM.__at_0x02FC                         0x000002fc   Section        4  startup_lpc11xx.o(.ARM.__at_0x02FC)
    .text                                    0x00000300   Section        0  system_lpc11xx.o(.text)
    .text                                    0x000003dc   Section        0  gpio.o(.text)
    NVIC_EnableIRQ                           0x0000088d   Thumb Code    14  gpio.o(.text)
    .text                                    0x000008a8   Section        0  uart.o(.text)
    .text                                    0x00000af4   Section        0  retarget.o(.text)
    .text                                    0x00000b80   Section        0  timer32.o(.text)
    NVIC_EnableIRQ                           0x00000fff   Thumb Code    14  timer32.o(.text)
    .text                                    0x00001018   Section        0  ssp.o(.text)
    NVIC_EnableIRQ                           0x0000155d   Thumb Code    14  ssp.o(.text)
    .text                                    0x00001578   Section        0  i2c.o(.text)
    .text                                    0x00001878   Section        0  tools.o(.text)
    .text                                    0x0000190c   Section        0  oled2864.o(.text)
    .text                                    0x00002220   Section        0  spi_uart.o(.text)
    .text                                    0x00002500   Section        0  main.o(.text)
    NVIC_SetPriority                         0x00002611   Thumb Code   110  main.o(.text)
    .text                                    0x000026c4   Section        0  watchdog.o(.text)
    .text                                    0x000027dc   Section      346  aeabi_sdiv.o(.text)
    .text                                    0x00002936   Section        0  _printf_pad.o(.text)
    .text                                    0x00002984   Section        0  _printf_truncate.o(.text)
    .text                                    0x000029a8   Section        0  _printf_str.o(.text)
    .text                                    0x000029fc   Section        0  _printf_dec.o(.text)
    .text                                    0x00002a68   Section        0  _printf_charcount.o(.text)
    .text                                    0x00002a90   Section        0  _printf_char_common.o(.text)
    _printf_input_char                       0x00002a91   Thumb Code    10  _printf_char_common.o(.text)
    .text                                    0x00002ac0   Section        0  _snputc.o(.text)
    .text                                    0x00002ad0   Section        0  _printf_char_file.o(.text)
    .text                                    0x00002af8   Section        0  _printf_wctomb.o(.text)
    .text                                    0x00002bb4   Section        0  _printf_longlong_dec.o(.text)
    .text                                    0x00002c24   Section        0  _printf_oct_int_ll.o(.text)
    _printf_longlong_oct_internal            0x00002c25   Thumb Code     0  _printf_oct_int_ll.o(.text)
    .text                                    0x00002c94   Section        0  _printf_hex_int_ll_ptr.o(.text)
    _printf_hex_common                       0x00002c95   Thumb Code     0  _printf_hex_int_ll_ptr.o(.text)
    .text                                    0x00002d2c   Section        0  __printf_flags_ss_wp.o(.text)
    .text                                    0x00002eb4   Section        0  lludiv10.o(.text)
    .text                                    0x00002f2e   Section        0  _printf_intcommon.o(.text)
    .text                                    0x00002fe0   Section        0  _printf_fp_dec.o(.text)
    _fp_digits                               0x00002fe3   Thumb Code   412  _printf_fp_dec.o(.text)
    .text                                    0x000033f4   Section        0  _printf_char.o(.text)
    .text                                    0x00003422   Section        0  _printf_wchar.o(.text)
    .text                                    0x00003450   Section        0  _wcrtomb.o(.text)
    .text                                    0x00003494   Section        0  rtudiv10.o(.text)
    .text                                    0x000034bc   Section       62  sys_stackheap_outer.o(.text)
    .text                                    0x000034fc   Section       16  rt_ctype_table.o(.text)
    .text                                    0x0000350c   Section        8  rt_locale_intlibspace.o(.text)
    .text                                    0x00003514   Section        0  _printf_fp_infnan.o(.text)
    .text                                    0x0000359c   Section        0  bigflt0.o(.text)
    .text                                    0x00003668   Section        0  btod.o(.text)
    btod_internal_mul                        0x000036a9   Thumb Code   456  btod.o(.text)
    btod_internal_div                        0x00003871   Thumb Code   494  btod.o(.text)
    .text                                    0x00003b10   Section        0  exit.o(.text)
    .text                                    0x00003b1c   Section        8  libspace.o(.text)
    .text                                    0x00003b24   Section        0  strcmp.o(.text)
    i.__ARM_common_ll_muluu                  0x00003bac   Section        0  btod.o(i.__ARM_common_ll_muluu)
    i.__ARM_common_switch8                   0x00003bdc   Section        0  i2c.o(i.__ARM_common_switch8)
    i.__ARM_fpclassify                       0x00003bf8   Section        0  fpclassify.o(i.__ARM_fpclassify)
    i._is_digit                              0x00003c24   Section        0  __printf_wp.o(i._is_digit)
    locale$$code                             0x00003c34   Section       44  lc_numeric_c.o(locale$$code)
    locale$$code                             0x00003c60   Section       44  lc_ctype_c.o(locale$$code)
    x$fpl$printf1                            0x00003c8c   Section       16  printf1.o(x$fpl$printf1)
    .constdata                               0x00003c9c   Section       16  gpio.o(.constdata)
    x$fpl$usenofp                            0x00003c9c   Section        0  usenofp.o(x$fpl$usenofp)
    LPC_GPIO                                 0x00003c9c   Data          16  gpio.o(.constdata)
    .constdata                               0x00003cac   Section     1953  oled2864.o(.constdata)
    LPC_GPIO                                 0x00003cac   Data          16  oled2864.o(.constdata)
    .constdata                               0x00004450   Section        8  _printf_wctomb.o(.constdata)
    initial_mbstate                          0x00004450   Data           8  _printf_wctomb.o(.constdata)
    .constdata                               0x00004458   Section       40  _printf_hex_int_ll_ptr.o(.constdata)
    uc_hextab                                0x00004458   Data          20  _printf_hex_int_ll_ptr.o(.constdata)
    lc_hextab                                0x0000446c   Data          20  _printf_hex_int_ll_ptr.o(.constdata)
    .constdata                               0x00004480   Section       17  __printf_flags_ss_wp.o(.constdata)
    maptable                                 0x00004480   Data          17  __printf_flags_ss_wp.o(.constdata)
    .constdata                               0x00004494   Section      148  bigflt0.o(.constdata)
    tenpwrs_x                                0x00004494   Data          60  bigflt0.o(.constdata)
    tenpwrs_i                                0x000044d0   Data          64  bigflt0.o(.constdata)
    locale$$data                             0x00004548   Section       28  lc_numeric_c.o(locale$$data)
    __lcnum_c_name                           0x0000454c   Data           2  lc_numeric_c.o(locale$$data)
    __lcnum_c_start                          0x00004554   Data           0  lc_numeric_c.o(locale$$data)
    __lcnum_c_point                          0x00004560   Data           0  lc_numeric_c.o(locale$$data)
    __lcnum_c_thousands                      0x00004562   Data           0  lc_numeric_c.o(locale$$data)
    __lcnum_c_grouping                       0x00004563   Data           0  lc_numeric_c.o(locale$$data)
    locale$$data                             0x00004564   Section      272  lc_ctype_c.o(locale$$data)
    __lcnum_c_end                            0x00004564   Data           0  lc_numeric_c.o(locale$$data)
    __lcctype_c_name                         0x00004568   Data           2  lc_ctype_c.o(locale$$data)
    __lcctype_c_start                        0x00004570   Data           0  lc_ctype_c.o(locale$$data)
    __lcctype_c_end                          0x00004674   Data           0  lc_ctype_c.o(locale$$data)
    .data                                    0x10000000   Section       12  system_lpc11xx.o(.data)
    .data                                    0x1000000c   Section       40  gpio.o(.data)
    .data                                    0x10000034   Section       16  uart.o(.data)
    .data                                    0x10000044   Section        8  retarget.o(.data)
    .data                                    0x1000004c   Section       24  timer32.o(.data)
    .data                                    0x10000064   Section       24  ssp.o(.data)
    .data                                    0x1000007c   Section       41  i2c.o(.data)
    I2CMasterState                           0x1000007c   Data           4  i2c.o(.data)
    I2CSlaveState                            0x10000080   Data           4  i2c.o(.data)
    I2CCount                                 0x10000084   Data           4  i2c.o(.data)
    RdIndex                                  0x10000088   Data           4  i2c.o(.data)
    WrIndex                                  0x1000008c   Data           4  i2c.o(.data)
    I2CMode                                  0x10000090   Data           4  i2c.o(.data)
    I2CMasterBuffer                          0x10000094   Data           4  i2c.o(.data)
    I2CSlaveBuffer                           0x10000098   Data           4  i2c.o(.data)
    I2CReadLength                            0x1000009c   Data           4  i2c.o(.data)
    I2CWriteLength                           0x100000a0   Data           4  i2c.o(.data)
    I2CAddr                                  0x100000a4   Data           1  i2c.o(.data)
    .data                                    0x100000a6   Section        8  spi_uart.o(.data)
    .data                                    0x100000b0   Section        4  main.o(.data)
    .data                                    0x100000b4   Section        4  watchdog.o(.data)
    .bss                                     0x100000b8   Section       64  uart.o(.bss)
    .bss                                     0x100000f8   Section      256  spi_uart.o(.bss)
    .bss                                     0x100001f8   Section       96  libspace.o(.bss)
    HEAP                                     0x10000258   Section        0  startup_lpc11xx.o(HEAP)
    STACK                                    0x10000258   Section      512  startup_lpc11xx.o(STACK)
    Heap_Mem                                 0x10000258   Data           0  startup_lpc11xx.o(HEAP)
    Stack_Mem                                0x10000258   Data         512  startup_lpc11xx.o(STACK)
    __initial_sp                             0x10000458   Data           0  startup_lpc11xx.o(STACK)

    Global Symbols

    Symbol Name                              Value     Ov Type        Size  Object(Section)

    BuildAttributes$$THM_ISAv3M$S$PE$A:L22$X:L11$S22$IEEE1$IW$USESV6$~STKCKD$USESV7$~SHL$OTIME$ROPI$IEEEJ$EBA8$UX$STANDARDLIB$REQ8$PRES8$EABIv2 0x00000000   Number         0  anon$$obj.o ABSOLUTE
    __ARM_use_no_argv                        0x00000000   Number         0  main.o ABSOLUTE
    __Vectors                                0x00000000   Data           4  startup_lpc11xx.o(RESET)
    _printf_flags                            0x00000000   Number         0  printf_stubs.o ABSOLUTE
    _printf_return_value                     0x00000000   Number         0  printf_stubs.o ABSOLUTE
    _printf_sizespec                         0x00000000   Number         0  printf_stubs.o ABSOLUTE
    _printf_widthprec                        0x00000000   Number         0  printf_stubs.o ABSOLUTE
    __ARM_exceptions_init                     - Undefined Weak Reference
    __alloca_initialize                       - Undefined Weak Reference
    __cpp_initialize__aeabi_                  - Undefined Weak Reference
    __cxa_finalize                            - Undefined Weak Reference
    __sigvec_lookup                           - Undefined Weak Reference
    _atexit_init                              - Undefined Weak Reference
    _call_atexit_fns                          - Undefined Weak Reference
    _clock_init                               - Undefined Weak Reference
    _fp_trap_init                             - Undefined Weak Reference
    _fp_trap_shutdown                         - Undefined Weak Reference
    _get_lc_collate                           - Undefined Weak Reference
    _get_lc_monetary                          - Undefined Weak Reference
    _get_lc_time                              - Undefined Weak Reference
    _getenv_init                              - Undefined Weak Reference
    _handle_redirection                       - Undefined Weak Reference
    _init_alloc                               - Undefined Weak Reference
    _init_user_alloc                          - Undefined Weak Reference
    _initio                                   - Undefined Weak Reference
    _printf_fp_hex                            - Undefined Weak Reference
    _printf_mbtowc                            - Undefined Weak Reference
    _printf_wc                                - Undefined Weak Reference
    _rand_init                                - Undefined Weak Reference
    _signal_finish                            - Undefined Weak Reference
    _signal_init                              - Undefined Weak Reference
    _terminate_alloc                          - Undefined Weak Reference
    _terminate_user_alloc                     - Undefined Weak Reference
    _terminateio                              - Undefined Weak Reference
    __main                                   0x000000c1   Thumb Code     8  __main.o(!!!main)
    __scatterload                            0x000000c9   Thumb Code     0  __scatter.o(!!!scatter)
    __scatterload_rt2                        0x000000c9   Thumb Code    52  __scatter.o(!!!scatter)
    __scatterload_rt2_thumb_only             0x000000c9   Thumb Code     0  __scatter.o(!!!scatter)
    __scatterload_null                       0x000000d9   Thumb Code     0  __scatter.o(!!!scatter)
    __scatterload_copy                       0x00000105   Thumb Code    26  __scatter_copy.o(!!handler_copy)
    __scatterload_zeroinit                   0x00000121   Thumb Code    28  __scatter_zi.o(!!handler_zi)
    _printf_percent                          0x0000013d   Thumb Code     0  _printf_percent.o(.ARM.Collect$$_printf_percent$$00000000)
    _printf_n                                0x0000013f   Thumb Code     0  _printf_n.o(.ARM.Collect$$_printf_percent$$00000001)
    _printf_p                                0x00000149   Thumb Code     0  _printf_p.o(.ARM.Collect$$_printf_percent$$00000002)
    _printf_f                                0x00000153   Thumb Code     0  _printf_f.o(.ARM.Collect$$_printf_percent$$00000003)
    _printf_e                                0x0000015d   Thumb Code     0  _printf_e.o(.ARM.Collect$$_printf_percent$$00000004)
    _printf_g                                0x00000167   Thumb Code     0  _printf_g.o(.ARM.Collect$$_printf_percent$$00000005)
    _printf_a                                0x00000171   Thumb Code     0  _printf_a.o(.ARM.Collect$$_printf_percent$$00000006)
    _printf_ll                               0x0000017b   Thumb Code     0  _printf_ll.o(.ARM.Collect$$_printf_percent$$00000007)
    _printf_i                                0x00000185   Thumb Code     0  _printf_i.o(.ARM.Collect$$_printf_percent$$00000008)
    _printf_d                                0x0000018f   Thumb Code     0  _printf_d.o(.ARM.Collect$$_printf_percent$$00000009)
    _printf_u                                0x00000199   Thumb Code     0  _printf_u.o(.ARM.Collect$$_printf_percent$$0000000A)
    _printf_o                                0x000001a3   Thumb Code     0  _printf_o.o(.ARM.Collect$$_printf_percent$$0000000B)
    _printf_x                                0x000001ad   Thumb Code     0  _printf_x.o(.ARM.Collect$$_printf_percent$$0000000C)
    _printf_lli                              0x000001b7   Thumb Code     0  _printf_lli.o(.ARM.Collect$$_printf_percent$$0000000D)
    _printf_lld                              0x000001c1   Thumb Code     0  _printf_lld.o(.ARM.Collect$$_printf_percent$$0000000E)
    _printf_llu                              0x000001cb   Thumb Code     0  _printf_llu.o(.ARM.Collect$$_printf_percent$$0000000F)
    _printf_llo                              0x000001d5   Thumb Code     0  _printf_llo.o(.ARM.Collect$$_printf_percent$$00000010)
    _printf_llx                              0x000001df   Thumb Code     0  _printf_llx.o(.ARM.Collect$$_printf_percent$$00000011)
    _printf_l                                0x000001e9   Thumb Code     0  _printf_l.o(.ARM.Collect$$_printf_percent$$00000012)
    _printf_c                                0x000001f3   Thumb Code     0  _printf_c.o(.ARM.Collect$$_printf_percent$$00000013)
    _printf_s                                0x000001fd   Thumb Code     0  _printf_s.o(.ARM.Collect$$_printf_percent$$00000014)
    _printf_lc                               0x00000207   Thumb Code     0  _printf_lc.o(.ARM.Collect$$_printf_percent$$00000015)
    _printf_ls                               0x00000211   Thumb Code     0  _printf_ls.o(.ARM.Collect$$_printf_percent$$00000016)
    _printf_percent_end                      0x0000021b   Thumb Code     0  _printf_percent_end.o(.ARM.Collect$$_printf_percent$$00000017)
    __rt_lib_init                            0x0000021f   Thumb Code     0  libinit.o(.ARM.Collect$$libinit$$00000000)
    __rt_lib_init_heap_1                     0x00000225   Thumb Code     0  libinit2.o(.ARM.Collect$$libinit$$00000006)
    __rt_lib_init_lc_common                  0x00000225   Thumb Code     0  libinit2.o(.ARM.Collect$$libinit$$0000000B)
    __rt_lib_init_rand_1                     0x00000225   Thumb Code     0  libinit2.o(.ARM.Collect$$libinit$$0000000A)
    __rt_lib_init_user_alloc_1               0x00000225   Thumb Code     0  libinit2.o(.ARM.Collect$$libinit$$00000008)
    __rt_lib_init_lc_collate_1               0x0000022b   Thumb Code     0  libinit2.o(.ARM.Collect$$libinit$$0000000D)
    __rt_lib_init_lc_ctype_2                 0x0000022b   Thumb Code     0  libinit2.o(.ARM.Collect$$libinit$$0000000E)
    __rt_lib_init_lc_ctype_1                 0x00000237   Thumb Code     0  libinit2.o(.ARM.Collect$$libinit$$0000000F)
    __rt_lib_init_lc_monetary_1              0x00000237   Thumb Code     0  libinit2.o(.ARM.Collect$$libinit$$00000011)
    __rt_lib_init_lc_numeric_2               0x00000237   Thumb Code     0  libinit2.o(.ARM.Collect$$libinit$$00000012)
    __rt_lib_init_alloca_1                   0x00000241   Thumb Code     0  libinit2.o(.ARM.Collect$$libinit$$0000002A)
    __rt_lib_init_argv_1                     0x00000241   Thumb Code     0  libinit2.o(.ARM.Collect$$libinit$$00000028)
    __rt_lib_init_atexit_1                   0x00000241   Thumb Code     0  libinit2.o(.ARM.Collect$$libinit$$00000017)
    __rt_lib_init_clock_1                    0x00000241   Thumb Code     0  libinit2.o(.ARM.Collect$$libinit$$0000001D)
    __rt_lib_init_cpp_1                      0x00000241   Thumb Code     0  libinit2.o(.ARM.Collect$$libinit$$0000002E)
    __rt_lib_init_exceptions_1               0x00000241   Thumb Code     0  libinit2.o(.ARM.Collect$$libinit$$0000002C)
    __rt_lib_init_fp_trap_1                  0x00000241   Thumb Code     0  libinit2.o(.ARM.Collect$$libinit$$0000001B)
    __rt_lib_init_getenv_1                   0x00000241   Thumb Code     0  libinit2.o(.ARM.Collect$$libinit$$0000001F)
    __rt_lib_init_lc_numeric_1               0x00000241   Thumb Code     0  libinit2.o(.ARM.Collect$$libinit$$00000013)
    __rt_lib_init_lc_time_1                  0x00000241   Thumb Code     0  libinit2.o(.ARM.Collect$$libinit$$00000015)
    __rt_lib_init_return                     0x00000241   Thumb Code     0  libinit2.o(.ARM.Collect$$libinit$$0000002F)
    __rt_lib_init_signal_1                   0x00000241   Thumb Code     0  libinit2.o(.ARM.Collect$$libinit$$00000019)
    __rt_lib_init_stdio_1                    0x00000241   Thumb Code     0  libinit2.o(.ARM.Collect$$libinit$$00000021)
    __rt_lib_shutdown                        0x00000243   Thumb Code     0  libshutdown.o(.ARM.Collect$$libshutdown$$00000000)
    __rt_lib_shutdown_fp_trap_1              0x00000245   Thumb Code     0  libshutdown2.o(.ARM.Collect$$libshutdown$$00000006)
    __rt_lib_shutdown_heap_1                 0x00000245   Thumb Code     0  libshutdown2.o(.ARM.Collect$$libshutdown$$0000000E)
    __rt_lib_shutdown_return                 0x00000245   Thumb Code     0  libshutdown2.o(.ARM.Collect$$libshutdown$$0000000F)
    __rt_lib_shutdown_signal_1               0x00000245   Thumb Code     0  libshutdown2.o(.ARM.Collect$$libshutdown$$00000009)
    __rt_lib_shutdown_stdio_1                0x00000245   Thumb Code     0  libshutdown2.o(.ARM.Collect$$libshutdown$$00000003)
    __rt_lib_shutdown_user_alloc_1           0x00000245   Thumb Code     0  libshutdown2.o(.ARM.Collect$$libshutdown$$0000000B)
    __rt_entry                               0x00000247   Thumb Code     0  rtentry.o(.ARM.Collect$$rtentry$$00000000)
    __rt_entry_presh_1                       0x00000247   Thumb Code     0  rtentry2.o(.ARM.Collect$$rtentry$$00000002)
    __rt_entry_sh                            0x00000247   Thumb Code     0  rtentry4.o(.ARM.Collect$$rtentry$$00000004)
    __rt_entry_li                            0x0000024d   Thumb Code     0  rtentry2.o(.ARM.Collect$$rtentry$$0000000A)
    __rt_entry_postsh_1                      0x0000024d   Thumb Code     0  rtentry2.o(.ARM.Collect$$rtentry$$00000009)
    __rt_entry_main                          0x00000251   Thumb Code     0  rtentry2.o(.ARM.Collect$$rtentry$$0000000D)
    __rt_entry_postli_1                      0x00000251   Thumb Code     0  rtentry2.o(.ARM.Collect$$rtentry$$0000000C)
    __rt_exit                                0x00000259   Thumb Code     0  rtexit.o(.ARM.Collect$$rtexit$$00000000)
    __rt_exit_ls                             0x0000025b   Thumb Code     0  rtexit2.o(.ARM.Collect$$rtexit$$00000003)
    __rt_exit_prels_1                        0x0000025b   Thumb Code     0  rtexit2.o(.ARM.Collect$$rtexit$$00000002)
    __rt_exit_exit                           0x0000025f   Thumb Code     0  rtexit2.o(.ARM.Collect$$rtexit$$00000004)
    Reset_Handler                            0x00000265   Thumb Code     4  startup_lpc11xx.o(.text)
    NMI_Handler                              0x00000269   Thumb Code     2  startup_lpc11xx.o(.text)
    HardFault_Handler                        0x0000026b   Thumb Code     2  startup_lpc11xx.o(.text)
    MemManage_Handler                        0x0000026d   Thumb Code     2  startup_lpc11xx.o(.text)
    BusFault_Handler                         0x0000026f   Thumb Code     2  startup_lpc11xx.o(.text)
    UsageFault_Handler                       0x00000271   Thumb Code     2  startup_lpc11xx.o(.text)
    SVC_Handler                              0x00000273   Thumb Code     2  startup_lpc11xx.o(.text)
    DebugMon_Handler                         0x00000275   Thumb Code     2  startup_lpc11xx.o(.text)
    PendSV_Handler                           0x00000277   Thumb Code     2  startup_lpc11xx.o(.text)
    ADC_IRQHandler                           0x0000027b   Thumb Code     0  startup_lpc11xx.o(.text)
    BOD_IRQHandler                           0x0000027b   Thumb Code     0  startup_lpc11xx.o(.text)
    CAN_IRQHandler                           0x0000027b   Thumb Code     0  startup_lpc11xx.o(.text)
    FMC_IRQHandler                           0x0000027b   Thumb Code     0  startup_lpc11xx.o(.text)
    PIOINT2_IRQHandler                       0x0000027b   Thumb Code     0  startup_lpc11xx.o(.text)
    TIMER16_0_IRQHandler                     0x0000027b   Thumb Code     0  startup_lpc11xx.o(.text)
    TIMER16_1_IRQHandler                     0x0000027b   Thumb Code     0  startup_lpc11xx.o(.text)
    USB_FIQHandler                           0x0000027b   Thumb Code     0  startup_lpc11xx.o(.text)
    USB_IRQHandler                           0x0000027b   Thumb Code     0  startup_lpc11xx.o(.text)
    WAKEUP_IRQHandler                        0x0000027b   Thumb Code     0  startup_lpc11xx.o(.text)
    __user_initial_stackheap                 0x0000027d   Thumb Code     0  startup_lpc11xx.o(.text)
    __I$use$semihosting                      0x00000299   Thumb Code     0  use_no_semi.o(.text)
    __use_no_semihosting_swi                 0x00000299   Thumb Code     2  use_no_semi.o(.text)
    __c89vsnprintf                           0x0000029d   Thumb Code    48  c89vsnprintf.o(.text)
    __2printf                                0x000002d1   Thumb Code    22  __2printf.o(.text)
    __use_two_region_memory                  0x000002ed   Thumb Code     2  heapauxi.o(.text)
    __rt_heap_escrow$2region                 0x000002ef   Thumb Code     2  heapauxi.o(.text)
    __rt_heap_expand$2region                 0x000002f1   Thumb Code     2  heapauxi.o(.text)
    _sputc                                   0x000002f3   Thumb Code    10  _sputc.o(.text)
    Main_PLL_Setup                           0x00000301   Thumb Code   130  system_lpc11xx.o(.text)
    SystemInit                               0x00000383   Thumb Code    56  system_lpc11xx.o(.text)
    GPIOIntClear                             0x000003dd   Thumb Code    88  gpio.o(.text)
    GPIOIntStatus                            0x00000435   Thumb Code    94  gpio.o(.text)
    PIOINT0_IRQHandler                       0x00000493   Thumb Code    46  gpio.o(.text)
    PIOINT1_IRQHandler                       0x000004c1   Thumb Code    84  gpio.o(.text)
    PIOINT3_IRQHandler                       0x00000515   Thumb Code    66  gpio.o(.text)
    GPIOInit                                 0x00000557   Thumb Code    34  gpio.o(.text)
    GPIOSetInterrupt                         0x00000579   Thumb Code   446  gpio.o(.text)
    GPIOIntEnable                            0x00000737   Thumb Code    88  gpio.o(.text)
    GPIOIntDisable                           0x0000078f   Thumb Code   136  gpio.o(.text)
    GPIOSetValue                             0x00000817   Thumb Code    22  gpio.o(.text)
    GPIOGetValue                             0x0000082d   Thumb Code    18  gpio.o(.text)
    GPIOSetDir                               0x0000083f   Thumb Code    78  gpio.o(.text)
    UART_IRQHandler                          0x000008a9   Thumb Code   180  uart.o(.text)
    UARTInit                                 0x0000095d   Thumb Code   194  uart.o(.text)
    UARTSend                                 0x00000a1f   Thumb Code    30  uart.o(.text)
    UART0_PutChar                            0x00000a3d   Thumb Code    18  uart.o(.text)
    UART0_PutString                          0x00000a4f   Thumb Code    22  uart.o(.text)
    UART0_printf                             0x00000a65   Thumb Code    40  uart.o(.text)
    UART0_GetChar                            0x00000a8d   Thumb Code    54  uart.o(.text)
    PutCh                                    0x00000af5   Thumb Code    18  retarget.o(.text)
    fputc                                    0x00000b07   Thumb Code    14  retarget.o(.text)
    GetCh                                    0x00000b15   Thumb Code    34  retarget.o(.text)
    fgetc                                    0x00000b37   Thumb Code    16  retarget.o(.text)
    _ttywrch                                 0x00000b47   Thumb Code    12  retarget.o(.text)
    ferror                                   0x00000b53   Thumb Code     6  retarget.o(.text)
    _sys_exit                                0x00000b59   Thumb Code     4  retarget.o(.text)
    GetCh_NoIRQ                              0x00000b5d   Thumb Code    18  retarget.o(.text)
    delay32Ms                                0x00000b81   Thumb Code   118  timer32.o(.text)
    TIMER32_0_IRQHandler                     0x00000bf7   Thumb Code    54  timer32.o(.text)
    TIMER32_1_IRQHandler                     0x00000c2d   Thumb Code    54  timer32.o(.text)
    enable_timer32                           0x00000c63   Thumb Code    20  timer32.o(.text)
    disable_timer32                          0x00000c77   Thumb Code    20  timer32.o(.text)
    reset_timer32                            0x00000c8b   Thumb Code    34  timer32.o(.text)
    init_timer32                             0x00000cad   Thumb Code   220  timer32.o(.text)
    init_timer32_a1                          0x00000d89   Thumb Code    88  timer32.o(.text)
    init_timer32PWM                          0x00000de1   Thumb Code   366  timer32.o(.text)
    setMatch_timer32PWM                      0x00000f4f   Thumb Code   176  timer32.o(.text)
    SSP0_IRQHandler                          0x00001019   Thumb Code    66  ssp.o(.text)
    SSP1_IRQHandler                          0x0000105b   Thumb Code    66  ssp.o(.text)
    SSP_IOConfig                             0x0000109d   Thumb Code   284  ssp.o(.text)
    SPI_IOConfig                             0x000011b9   Thumb Code   348  ssp.o(.text)
    SSP_Init                                 0x00001315   Thumb Code   102  ssp.o(.text)
    SPI_Init                                 0x0000137b   Thumb Code   190  ssp.o(.text)
    SSP_Send                                 0x00001439   Thumb Code   106  ssp.o(.text)
    SSP_Receive                              0x000014a3   Thumb Code    76  ssp.o(.text)
    SPI_PutGet                               0x000014ef   Thumb Code   110  ssp.o(.text)
    I2C_IRQHandler                           0x00001579   Thumb Code   384  i2c.o(.text)
    I2CStart                                 0x000016f9   Thumb Code    42  i2c.o(.text)
    I2CStop                                  0x00001723   Thumb Code    26  i2c.o(.text)
    I2CInit                                  0x0000173d   Thumb Code   116  i2c.o(.text)
    I2CEngine                                0x000017b1   Thumb Code    56  i2c.o(.text)
    I2CRead                                  0x000017e9   Thumb Code    44  i2c.o(.text)
    I2CWrite                                 0x00001815   Thumb Code    40  i2c.o(.text)
    delay_ms                                 0x00001879   Thumb Code   140  tools.o(.text)
    uDelay                                   0x0000190d   Thumb Code    14  oled2864.o(.text)
    Delay                                    0x0000191b   Thumb Code    48  oled2864.o(.text)
    Write_Command                            0x0000194b   Thumb Code    54  oled2864.o(.text)
    Write_Data                               0x00001981   Thumb Code    54  oled2864.o(.text)
    Set_Start_Column                         0x000019b7   Thumb Code    44  oled2864.o(.text)
    Set_Addressing_Mode                      0x000019e3   Thumb Code    18  oled2864.o(.text)
    Set_Column_Address                       0x000019f5   Thumb Code    26  oled2864.o(.text)
    Set_Page_Address                         0x00001a0f   Thumb Code    26  oled2864.o(.text)
    Set_Start_Line                           0x00001a29   Thumb Code    16  oled2864.o(.text)
    Set_Contrast_Control                     0x00001a39   Thumb Code    18  oled2864.o(.text)
    Set_Charge_Pump                          0x00001a4b   Thumb Code    22  oled2864.o(.text)
    Set_Segment_Remap                        0x00001a61   Thumb Code    16  oled2864.o(.text)
    Set_Entire_Display                       0x00001a71   Thumb Code    16  oled2864.o(.text)
    Set_Inverse_Display                      0x00001a81   Thumb Code    16  oled2864.o(.text)
    Set_Multiplex_Ratio                      0x00001a91   Thumb Code    18  oled2864.o(.text)
    Set_Display_On_Off                       0x00001aa3   Thumb Code    16  oled2864.o(.text)
    Set_Start_Page                           0x00001ab3   Thumb Code    16  oled2864.o(.text)
    Set_Common_Remap                         0x00001ac3   Thumb Code    16  oled2864.o(.text)
    Set_Display_Offset                       0x00001ad3   Thumb Code    18  oled2864.o(.text)
    Set_Display_Clock                        0x00001ae5   Thumb Code    18  oled2864.o(.text)
    Set_Precharge_Period                     0x00001af7   Thumb Code    18  oled2864.o(.text)
    Set_Common_Config                        0x00001b09   Thumb Code    22  oled2864.o(.text)
    Set_VCOMH                                0x00001b1f   Thumb Code    18  oled2864.o(.text)
    Set_NOP                                  0x00001b31   Thumb Code    10  oled2864.o(.text)
    Fill_RAM                                 0x00001b3b   Thumb Code    48  oled2864.o(.text)
    OLED_ClearScreen                         0x00001b6b   Thumb Code    10  oled2864.o(.text)
    Fill_Block                               0x00001b75   Thumb Code    68  oled2864.o(.text)
    Checkerboard                             0x00001bb9   Thumb Code    52  oled2864.o(.text)
    Frame                                    0x00001bed   Thumb Code   108  oled2864.o(.text)
    Show_Font57                              0x00001c59   Thumb Code    84  oled2864.o(.text)
    Show_String                              0x00001cad   Thumb Code    60  oled2864.o(.text)
    Show_Pattern                             0x00001ce9   Thumb Code    78  oled2864.o(.text)
    OLED_DisChar                             0x00001d37   Thumb Code   120  oled2864.o(.text)
    OLED_DisStrLine                          0x00001daf   Thumb Code    66  oled2864.o(.text)
    Vertical_Scroll                          0x00001df1   Thumb Code   124  oled2864.o(.text)
    Horizontal_Scroll                        0x00001e6d   Thumb Code    58  oled2864.o(.text)
    Continuous_Scroll                        0x00001ea7   Thumb Code    82  oled2864.o(.text)
    Deactivate_Scroll                        0x00001ef9   Thumb Code    10  oled2864.o(.text)
    Fade_In                                  0x00001f03   Thumb Code    44  oled2864.o(.text)
    Fade_Out                                 0x00001f2f   Thumb Code    46  oled2864.o(.text)
    Sleep                                    0x00001f5d   Thumb Code    46  oled2864.o(.text)
    Test                                     0x00001f8b   Thumb Code    34  oled2864.o(.text)
    OLED_Init_E                              0x00001fad   Thumb Code   106  oled2864.o(.text)
    OLED_Init_I                              0x00002017   Thumb Code   126  oled2864.o(.text)
    oled_test                                0x00002095   Thumb Code   362  oled2864.o(.text)
    SPI752_RegRead                           0x00002221   Thumb Code    58  spi_uart.o(.text)
    ZigBee_IRQ_Process                       0x0000225b   Thumb Code   140  spi_uart.o(.text)
    SPI752_RegWrite                          0x000022e7   Thumb Code    52  spi_uart.o(.text)
    SPI752_Init                              0x0000231b   Thumb Code   218  spi_uart.o(.text)
    SPI752_PutChar                           0x000023f5   Thumb Code    34  spi_uart.o(.text)
    RS485_PutChar                            0x00002417   Thumb Code    14  spi_uart.o(.text)
    RS485_PutString                          0x00002425   Thumb Code    24  spi_uart.o(.text)
    ZigBee_PutChar                           0x0000243d   Thumb Code    14  spi_uart.o(.text)
    ZigBee_PutString                         0x0000244b   Thumb Code    24  spi_uart.o(.text)
    SPI752_GetChar                           0x00002463   Thumb Code   106  spi_uart.o(.text)
    RS485_GetChar                            0x000024cd   Thumb Code    14  spi_uart.o(.text)
    ZigBee_GetChar                           0x000024db   Thumb Code    14  spi_uart.o(.text)
    speaker_op                               0x00002501   Thumb Code    66  main.o(.text)
    SysTick_Handler                          0x00002543   Thumb Code     2  main.o(.text)
    main                                     0x00002545   Thumb Code   204  main.o(.text)
    WDT_IRQHandler                           0x000026c5   Thumb Code    50  watchdog.o(.text)
    WDTInit                                  0x000026f7   Thumb Code    98  watchdog.o(.text)
    WDTFeed                                  0x00002759   Thumb Code    12  watchdog.o(.text)
    __aeabi_uidiv                            0x000027dd   Thumb Code     0  aeabi_sdiv.o(.text)
    __aeabi_uidivmod                         0x000027dd   Thumb Code    20  aeabi_sdiv.o(.text)
    __aeabi_idiv                             0x000027f1   Thumb Code     0  aeabi_sdiv.o(.text)
    __aeabi_idivmod                          0x000027f1   Thumb Code   326  aeabi_sdiv.o(.text)
    _printf_pre_padding                      0x00002937   Thumb Code    44  _printf_pad.o(.text)
    _printf_post_padding                     0x00002963   Thumb Code    34  _printf_pad.o(.text)
    _printf_truncate_signed                  0x00002985   Thumb Code    18  _printf_truncate.o(.text)
    _printf_truncate_unsigned                0x00002997   Thumb Code    18  _printf_truncate.o(.text)
    _printf_str                              0x000029a9   Thumb Code    82  _printf_str.o(.text)
    _printf_int_dec                          0x000029fd   Thumb Code    90  _printf_dec.o(.text)
    _printf_charcount                        0x00002a69   Thumb Code    40  _printf_charcount.o(.text)
    _printf_char_common                      0x00002a9b   Thumb Code    32  _printf_char_common.o(.text)
    _snputc                                  0x00002ac1   Thumb Code    16  _snputc.o(.text)
    _printf_char_file                        0x00002ad1   Thumb Code    34  _printf_char_file.o(.text)
    _printf_wctomb                           0x00002af9   Thumb Code   182  _printf_wctomb.o(.text)
    _printf_longlong_dec                     0x00002bb5   Thumb Code    94  _printf_longlong_dec.o(.text)
    _printf_longlong_oct                     0x00002c25   Thumb Code    68  _printf_oct_int_ll.o(.text)
    _printf_int_oct                          0x00002c69   Thumb Code    24  _printf_oct_int_ll.o(.text)
    _printf_ll_oct                           0x00002c81   Thumb Code    10  _printf_oct_int_ll.o(.text)
    _printf_longlong_hex                     0x00002c95   Thumb Code    88  _printf_hex_int_ll_ptr.o(.text)
    _printf_int_hex                          0x00002ced   Thumb Code    28  _printf_hex_int_ll_ptr.o(.text)
    _printf_ll_hex                           0x00002d09   Thumb Code    10  _printf_hex_int_ll_ptr.o(.text)
    _printf_hex_ptr                          0x00002d13   Thumb Code    22  _printf_hex_int_ll_ptr.o(.text)
    __printf                                 0x00002d2d   Thumb Code   388  __printf_flags_ss_wp.o(.text)
    _ll_udiv10                               0x00002eb5   Thumb Code   122  lludiv10.o(.text)
    _printf_int_common                       0x00002f2f   Thumb Code   176  _printf_intcommon.o(.text)
    __lib_sel_fp_printf                      0x00002fe1   Thumb Code     2  _printf_fp_dec.o(.text)
    _printf_fp_dec_real                      0x0000317f   Thumb Code   618  _printf_fp_dec.o(.text)
    _printf_cs_common                        0x000033f5   Thumb Code    22  _printf_char.o(.text)
    _printf_char                             0x0000340b   Thumb Code    16  _printf_char.o(.text)
    _printf_string                           0x0000341b   Thumb Code     8  _printf_char.o(.text)
    _printf_lcs_common                       0x00003423   Thumb Code    22  _printf_wchar.o(.text)
    _printf_wchar                            0x00003439   Thumb Code    16  _printf_wchar.o(.text)
    _printf_wstring                          0x00003449   Thumb Code     8  _printf_wchar.o(.text)
    _wcrtomb                                 0x00003451   Thumb Code    68  _wcrtomb.o(.text)
    __rt_udiv10                              0x00003495   Thumb Code    40  rtudiv10.o(.text)
    __user_setup_stackheap                   0x000034bd   Thumb Code    62  sys_stackheap_outer.o(.text)
    __rt_ctype_table                         0x000034fd   Thumb Code    16  rt_ctype_table.o(.text)
    __rt_locale                              0x0000350d   Thumb Code     8  rt_locale_intlibspace.o(.text)
    _printf_fp_infnan                        0x00003515   Thumb Code   120  _printf_fp_infnan.o(.text)
    _btod_etento                             0x0000359d   Thumb Code   200  bigflt0.o(.text)
    _btod_d2e                                0x00003669   Thumb Code    64  btod.o(.text)
    _btod_emul                               0x00003a5f   Thumb Code    24  btod.o(.text)
    _btod_emuld                              0x00003a77   Thumb Code    60  btod.o(.text)
    _btod_ediv                               0x00003ab3   Thumb Code    22  btod.o(.text)
    _btod_edivd                              0x00003ac9   Thumb Code    60  btod.o(.text)
    exit                                     0x00003b11   Thumb Code    12  exit.o(.text)
    __user_libspace                          0x00003b1d   Thumb Code     8  libspace.o(.text)
    __user_perproc_libspace                  0x00003b1d   Thumb Code     0  libspace.o(.text)
    __user_perthread_libspace                0x00003b1d   Thumb Code     0  libspace.o(.text)
    strcmp                                   0x00003b25   Thumb Code   132  strcmp.o(.text)
    __ARM_common_ll_muluu                    0x00003bad   Thumb Code    48  btod.o(i.__ARM_common_ll_muluu)
    __ARM_common_switch8                     0x00003bdd   Thumb Code    28  i2c.o(i.__ARM_common_switch8)
    __ARM_fpclassify                         0x00003bf9   Thumb Code    38  fpclassify.o(i.__ARM_fpclassify)
    _is_digit                                0x00003c25   Thumb Code    14  __printf_wp.o(i._is_digit)
    _get_lc_numeric                          0x00003c35   Thumb Code    44  lc_numeric_c.o(locale$$code)
    _get_lc_ctype                            0x00003c61   Thumb Code    44  lc_ctype_c.o(locale$$code)
    _printf_fp_dec                           0x00003c8d   Thumb Code    16  printf1.o(x$fpl$printf1)
    __I$use$fp                               0x00003c9d   Thumb Code     0  usenofp.o(x$fpl$usenofp)
    UniV                                     0x00003cbc   Data         192  oled2864.o(.constdata)
    Ascii_1                                  0x00003d7c   Data        1210  oled2864.o(.constdata)
    Ascii_2                                  0x00004236   Data         535  oled2864.o(.constdata)
    Region$$Table$$Base                      0x00004528   Number         0  anon$$obj.o(Region$$Table)
    Region$$Table$$Limit                     0x00004548   Number         0  anon$$obj.o(Region$$Table)
    __ctype                                  0x00004571   Data           0  lc_ctype_c.o(locale$$data)
    ClockSource                              0x10000000   Data           4  system_lpc11xx.o(.data)
    SystemFrequency                          0x10000004   Data           4  system_lpc11xx.o(.data)
    SystemAHBFrequency                       0x10000008   Data           4  system_lpc11xx.o(.data)
    gpio0_counter                            0x1000000c   Data           4  gpio.o(.data)
    p0_1_counter                             0x10000010   Data           4  gpio.o(.data)
    gpio1_counter                            0x10000014   Data           4  gpio.o(.data)
    p1_1_counter                             0x10000018   Data           4  gpio.o(.data)
    gpio2_counter                            0x1000001c   Data           4  gpio.o(.data)
    p2_8_counter                             0x10000020   Data           4  gpio.o(.data)
    gpio3_counter                            0x10000024   Data           4  gpio.o(.data)
    p3_1_counter                             0x10000028   Data           4  gpio.o(.data)
    p3_2_counter                             0x1000002c   Data           4  gpio.o(.data)
    p3_2_tc                                  0x10000030   Data           4  gpio.o(.data)
    UARTTxEmpty                              0x10000034   Data           1  uart.o(.data)
    UARTCount                                0x10000038   Data           4  uart.o(.data)
    UART_op                                  0x1000003c   Data           4  uart.o(.data)
    UARTStatus                               0x10000040   Data           4  uart.o(.data)
    __stdout                                 0x10000044   Data           4  retarget.o(.data)
    __stdin                                  0x10000048   Data           4  retarget.o(.data)
    timer32_0_counter                        0x1000004c   Data           4  timer32.o(.data)
    timer32_1_counter                        0x10000050   Data           4  timer32.o(.data)
    timer32_0_capture                        0x10000054   Data           4  timer32.o(.data)
    timer32_1_capture                        0x10000058   Data           4  timer32.o(.data)
    timer32_0_period                         0x1000005c   Data           4  timer32.o(.data)
    timer32_1_period                         0x10000060   Data           4  timer32.o(.data)
    interruptRxStat0                         0x10000064   Data           4  ssp.o(.data)
    interruptOverRunStat0                    0x10000068   Data           4  ssp.o(.data)
    interruptRxTimeoutStat0                  0x1000006c   Data           4  ssp.o(.data)
    interruptRxStat1                         0x10000070   Data           4  ssp.o(.data)
    interruptOverRunStat1                    0x10000074   Data           4  ssp.o(.data)
    interruptRxTimeoutStat1                  0x10000078   Data           4  ssp.o(.data)
    SPI752_rbuf_0_ip                         0x100000a6   Data           2  spi_uart.o(.data)
    SPI752_rbuf_0_op                         0x100000a8   Data           2  spi_uart.o(.data)
    SPI752_rbuf_1_ip                         0x100000aa   Data           2  spi_uart.o(.data)
    SPI752_rbuf_1_op                         0x100000ac   Data           2  spi_uart.o(.data)
    period                                   0x100000b0   Data           4  main.o(.data)
    wdt_counter                              0x100000b4   Data           4  watchdog.o(.data)
    UARTBuffer                               0x100000b8   Data          64  uart.o(.bss)
    SPI752_rbuf_0                            0x100000f8   Data         128  spi_uart.o(.bss)
    SPI752_rbuf_1                            0x10000178   Data         128  spi_uart.o(.bss)
    __libspace_start                         0x100001f8   Data          96  libspace.o(.bss)
    __temporary_stack_top$libspace           0x10000258   Data           0  libspace.o(.bss)



==============================================================================

Memory Map of the image

  Image Entry point : 0x000000c1

  Load Region LR_IROM1 (Base: 0x00000000, Size: 0x0000472c, Max: 0x00008000, ABSOLUTE)

    Execution Region ER_IROM1 (Base: 0x00000000, Size: 0x00004674, Max: 0x00008000, ABSOLUTE)

    Base Addr    Size         Type   Attr      Idx    E Section Name        Object

    0x00000000   0x000000c0   Data   RO            3    RESET               startup_lpc11xx.o
    0x000000c0   0x00000008   Code   RO          326  * !!!main             c_p.l(__main.o)
    0x000000c8   0x0000003c   Code   RO          627    !!!scatter          c_p.l(__scatter.o)
    0x00000104   0x0000001a   Code   RO          629    !!handler_copy      c_p.l(__scatter_copy.o)
    0x0000011e   0x00000002   PAD
    0x00000120   0x0000001c   Code   RO          631    !!handler_zi        c_p.l(__scatter_zi.o)
    0x0000013c   0x00000002   Code   RO          418    .ARM.Collect$$_printf_percent$$00000000  c_p.l(_printf_percent.o)
    0x0000013e   0x0000000a   Code   RO          407    .ARM.Collect$$_printf_percent$$00000001  c_p.l(_printf_n.o)
    0x00000148   0x0000000a   Code   RO          409    .ARM.Collect$$_printf_percent$$00000002  c_p.l(_printf_p.o)
    0x00000152   0x0000000a   Code   RO          414    .ARM.Collect$$_printf_percent$$00000003  c_p.l(_printf_f.o)
    0x0000015c   0x0000000a   Code   RO          415    .ARM.Collect$$_printf_percent$$00000004  c_p.l(_printf_e.o)
    0x00000166   0x0000000a   Code   RO          416    .ARM.Collect$$_printf_percent$$00000005  c_p.l(_printf_g.o)
    0x00000170   0x0000000a   Code   RO          417    .ARM.Collect$$_printf_percent$$00000006  c_p.l(_printf_a.o)
    0x0000017a   0x0000000a   Code   RO          422    .ARM.Collect$$_printf_percent$$00000007  c_p.l(_printf_ll.o)
    0x00000184   0x0000000a   Code   RO          411    .ARM.Collect$$_printf_percent$$00000008  c_p.l(_printf_i.o)
    0x0000018e   0x0000000a   Code   RO          412    .ARM.Collect$$_printf_percent$$00000009  c_p.l(_printf_d.o)
    0x00000198   0x0000000a   Code   RO          413    .ARM.Collect$$_printf_percent$$0000000A  c_p.l(_printf_u.o)
    0x000001a2   0x0000000a   Code   RO          410    .ARM.Collect$$_printf_percent$$0000000B  c_p.l(_printf_o.o)
    0x000001ac   0x0000000a   Code   RO          408    .ARM.Collect$$_printf_percent$$0000000C  c_p.l(_printf_x.o)
    0x000001b6   0x0000000a   Code   RO          419    .ARM.Collect$$_printf_percent$$0000000D  c_p.l(_printf_lli.o)
    0x000001c0   0x0000000a   Code   RO          420    .ARM.Collect$$_printf_percent$$0000000E  c_p.l(_printf_lld.o)
    0x000001ca   0x0000000a   Code   RO          421    .ARM.Collect$$_printf_percent$$0000000F  c_p.l(_printf_llu.o)
    0x000001d4   0x0000000a   Code   RO          426    .ARM.Collect$$_printf_percent$$00000010  c_p.l(_printf_llo.o)
    0x000001de   0x0000000a   Code   RO          427    .ARM.Collect$$_printf_percent$$00000011  c_p.l(_printf_llx.o)
    0x000001e8   0x0000000a   Code   RO          423    .ARM.Collect$$_printf_percent$$00000012  c_p.l(_printf_l.o)
    0x000001f2   0x0000000a   Code   RO          405    .ARM.Collect$$_printf_percent$$00000013  c_p.l(_printf_c.o)
    0x000001fc   0x0000000a   Code   RO          406    .ARM.Collect$$_printf_percent$$00000014  c_p.l(_printf_s.o)
    0x00000206   0x0000000a   Code   RO          424    .ARM.Collect$$_printf_percent$$00000015  c_p.l(_printf_lc.o)
    0x00000210   0x0000000a   Code   RO          425    .ARM.Collect$$_printf_percent$$00000016  c_p.l(_printf_ls.o)
    0x0000021a   0x00000004   Code   RO          459    .ARM.Collect$$_printf_percent$$00000017  c_p.l(_printf_percent_end.o)
    0x0000021e   0x00000006   Code   RO          497    .ARM.Collect$$libinit$$00000000  c_p.l(libinit.o)
    0x00000224   0x00000000   Code   RO          522    .ARM.Collect$$libinit$$00000006  c_p.l(libinit2.o)
    0x00000224   0x00000000   Code   RO          524    .ARM.Collect$$libinit$$00000008  c_p.l(libinit2.o)
    0x00000224   0x00000000   Code   RO          526    .ARM.Collect$$libinit$$0000000A  c_p.l(libinit2.o)
    0x00000224   0x00000006   Code   RO          527    .ARM.Collect$$libinit$$0000000B  c_p.l(libinit2.o)
    0x0000022a   0x00000000   Code   RO          529    .ARM.Collect$$libinit$$0000000D  c_p.l(libinit2.o)
    0x0000022a   0x0000000c   Code   RO          530    .ARM.Collect$$libinit$$0000000E  c_p.l(libinit2.o)
    0x00000236   0x00000000   Code   RO          531    .ARM.Collect$$libinit$$0000000F  c_p.l(libinit2.o)
    0x00000236   0x00000000   Code   RO          533    .ARM.Collect$$libinit$$00000011  c_p.l(libinit2.o)
    0x00000236   0x0000000a   Code   RO          534    .ARM.Collect$$libinit$$00000012  c_p.l(libinit2.o)
    0x00000240   0x00000000   Code   RO          535    .ARM.Collect$$libinit$$00000013  c_p.l(libinit2.o)
    0x00000240   0x00000000   Code   RO          537    .ARM.Collect$$libinit$$00000015  c_p.l(libinit2.o)
    0x00000240   0x00000000   Code   RO          539    .ARM.Collect$$libinit$$00000017  c_p.l(libinit2.o)
    0x00000240   0x00000000   Code   RO          541    .ARM.Collect$$libinit$$00000019  c_p.l(libinit2.o)
    0x00000240   0x00000000   Code   RO          543    .ARM.Collect$$libinit$$0000001B  c_p.l(libinit2.o)
    0x00000240   0x00000000   Code   RO          545    .ARM.Collect$$libinit$$0000001D  c_p.l(libinit2.o)
    0x00000240   0x00000000   Code   RO          547    .ARM.Collect$$libinit$$0000001F  c_p.l(libinit2.o)
    0x00000240   0x00000000   Code   RO          549    .ARM.Collect$$libinit$$00000021  c_p.l(libinit2.o)
    0x00000240   0x00000000   Code   RO          553    .ARM.Collect$$libinit$$00000028  c_p.l(libinit2.o)
    0x00000240   0x00000000   Code   RO          555    .ARM.Collect$$libinit$$0000002A  c_p.l(libinit2.o)
    0x00000240   0x00000000   Code   RO          557    .ARM.Collect$$libinit$$0000002C  c_p.l(libinit2.o)
    0x00000240   0x00000000   Code   RO          559    .ARM.Collect$$libinit$$0000002E  c_p.l(libinit2.o)
    0x00000240   0x00000002   Code   RO          560    .ARM.Collect$$libinit$$0000002F  c_p.l(libinit2.o)
    0x00000242   0x00000002   Code   RO          584    .ARM.Collect$$libshutdown$$00000000  c_p.l(libshutdown.o)
    0x00000244   0x00000000   Code   RO          611    .ARM.Collect$$libshutdown$$00000003  c_p.l(libshutdown2.o)
    0x00000244   0x00000000   Code   RO          614    .ARM.Collect$$libshutdown$$00000006  c_p.l(libshutdown2.o)
    0x00000244   0x00000000   Code   RO          617    .ARM.Collect$$libshutdown$$00000009  c_p.l(libshutdown2.o)
    0x00000244   0x00000000   Code   RO          619    .ARM.Collect$$libshutdown$$0000000B  c_p.l(libshutdown2.o)
    0x00000244   0x00000000   Code   RO          622    .ARM.Collect$$libshutdown$$0000000E  c_p.l(libshutdown2.o)
    0x00000244   0x00000002   Code   RO          623    .ARM.Collect$$libshutdown$$0000000F  c_p.l(libshutdown2.o)
    0x00000246   0x00000000   Code   RO          328    .ARM.Collect$$rtentry$$00000000  c_p.l(rtentry.o)
    0x00000246   0x00000000   Code   RO          431    .ARM.Collect$$rtentry$$00000002  c_p.l(rtentry2.o)
    0x00000246   0x00000006   Code   RO          443    .ARM.Collect$$rtentry$$00000004  c_p.l(rtentry4.o)
    0x0000024c   0x00000000   Code   RO          433    .ARM.Collect$$rtentry$$00000009  c_p.l(rtentry2.o)
    0x0000024c   0x00000004   Code   RO          434    .ARM.Collect$$rtentry$$0000000A  c_p.l(rtentry2.o)
    0x00000250   0x00000000   Code   RO          436    .ARM.Collect$$rtentry$$0000000C  c_p.l(rtentry2.o)
    0x00000250   0x00000008   Code   RO          437    .ARM.Collect$$rtentry$$0000000D  c_p.l(rtentry2.o)
    0x00000258   0x00000002   Code   RO          507    .ARM.Collect$$rtexit$$00000000  c_p.l(rtexit.o)
    0x0000025a   0x00000000   Code   RO          564    .ARM.Collect$$rtexit$$00000002  c_p.l(rtexit2.o)
    0x0000025a   0x00000004   Code   RO          565    .ARM.Collect$$rtexit$$00000003  c_p.l(rtexit2.o)
    0x0000025e   0x00000006   Code   RO          566    .ARM.Collect$$rtexit$$00000004  c_p.l(rtexit2.o)
    0x00000264   0x00000034   Code   RO            5    .text               startup_lpc11xx.o
    0x00000298   0x00000002   Code   RO          312    .text               c_p.l(use_no_semi.o)
    0x0000029a   0x00000002   PAD
    0x0000029c   0x00000034   Code   RO          314    .text               c_p.l(c89vsnprintf.o)
    0x000002d0   0x0000001c   Code   RO          316    .text               c_p.l(__2printf.o)
    0x000002ec   0x00000006   Code   RO          324    .text               c_p.l(heapauxi.o)
    0x000002f2   0x0000000a   Code   RO          347    .text               c_p.l(_sputc.o)
    0x000002fc   0x00000004   Code   RO            4    .ARM.__at_0x02FC    startup_lpc11xx.o
    0x00000300   0x000000dc   Code   RO           27    .text               system_lpc11xx.o
    0x000003dc   0x000004cc   Code   RO           51    .text               gpio.o
    0x000008a8   0x0000024c   Code   RO           80    .text               uart.o
    0x00000af4   0x0000008c   Code   RO          109    .text               retarget.o
    0x00000b80   0x00000498   Code   RO          132    .text               timer32.o
    0x00001018   0x00000560   Code   RO          150    .text               ssp.o
    0x00001578   0x00000300   Code   RO          170    .text               i2c.o
    0x00001878   0x00000094   Code   RO          198    .text               tools.o
    0x0000190c   0x00000914   Code   RO          222    .text               oled2864.o
    0x00002220   0x000002e0   Code   RO          237    .text               spi_uart.o
    0x00002500   0x000001c4   Code   RO          257    .text               main.o
    0x000026c4   0x00000118   Code   RO          294    .text               watchdog.o
    0x000027dc   0x0000015a   Code   RO          320    .text               c_p.l(aeabi_sdiv.o)
    0x00002936   0x0000004e   Code   RO          335    .text               c_p.l(_printf_pad.o)
    0x00002984   0x00000024   Code   RO          337    .text               c_p.l(_printf_truncate.o)
    0x000029a8   0x00000052   Code   RO          339    .text               c_p.l(_printf_str.o)
    0x000029fa   0x00000002   PAD
    0x000029fc   0x0000006c   Code   RO          341    .text               c_p.l(_printf_dec.o)
    0x00002a68   0x00000028   Code   RO          343    .text               c_p.l(_printf_charcount.o)
    0x00002a90   0x00000030   Code   RO          345    .text               c_p.l(_printf_char_common.o)
    0x00002ac0   0x00000010   Code   RO          349    .text               c_p.l(_snputc.o)
    0x00002ad0   0x00000028   Code   RO          351    .text               c_p.l(_printf_char_file.o)
    0x00002af8   0x000000bc   Code   RO          353    .text               c_p.l(_printf_wctomb.o)
    0x00002bb4   0x00000070   Code   RO          356    .text               c_p.l(_printf_longlong_dec.o)
    0x00002c24   0x00000070   Code   RO          362    .text               c_p.l(_printf_oct_int_ll.o)
    0x00002c94   0x00000098   Code   RO          382    .text               c_p.l(_printf_hex_int_ll_ptr.o)
    0x00002d2c   0x00000188   Code   RO          402    .text               c_p.l(__printf_flags_ss_wp.o)
    0x00002eb4   0x0000007a   Code   RO          447    .text               c_p.l(lludiv10.o)
    0x00002f2e   0x000000b0   Code   RO          449    .text               c_p.l(_printf_intcommon.o)
    0x00002fde   0x00000002   PAD
    0x00002fe0   0x00000414   Code   RO          451    .text               c_p.l(_printf_fp_dec.o)
    0x000033f4   0x0000002e   Code   RO          455    .text               c_p.l(_printf_char.o)
    0x00003422   0x0000002e   Code   RO          457    .text               c_p.l(_printf_wchar.o)
    0x00003450   0x00000044   Code   RO          460    .text               c_p.l(_wcrtomb.o)
    0x00003494   0x00000028   Code   RO          462    .text               c_p.l(rtudiv10.o)
    0x000034bc   0x0000003e   Code   RO          464    .text               c_p.l(sys_stackheap_outer.o)
    0x000034fa   0x00000002   PAD
    0x000034fc   0x00000010   Code   RO          467    .text               c_p.l(rt_ctype_table.o)
    0x0000350c   0x00000008   Code   RO          472    .text               c_p.l(rt_locale_intlibspace.o)
    0x00003514   0x00000088   Code   RO          474    .text               c_p.l(_printf_fp_infnan.o)
    0x0000359c   0x000000cc   Code   RO          476    .text               c_p.l(bigflt0.o)
    0x00003668   0x000004a8   Code   RO          479    .text               c_p.l(btod.o)
    0x00003b10   0x0000000c   Code   RO          486    .text               c_p.l(exit.o)
    0x00003b1c   0x00000008   Code   RO          503    .text               c_p.l(libspace.o)
    0x00003b24   0x00000088   Code   RO          518    .text               c_p.l(strcmp.o)
    0x00003bac   0x00000030   Code   RO          481    i.__ARM_common_ll_muluu  c_p.l(btod.o)
    0x00003bdc   0x0000001c   Code   RO          181    i.__ARM_common_switch8  i2c.o
    0x00003bf8   0x0000002c   Code   RO          501    i.__ARM_fpclassify  m_ps.l(fpclassify.o)
    0x00003c24   0x0000000e   Code   RO          395    i._is_digit         c_p.l(__printf_wp.o)
    0x00003c32   0x00000002   PAD
    0x00003c34   0x0000002c   Code   RO          484    locale$$code        c_p.l(lc_numeric_c.o)
    0x00003c60   0x0000002c   Code   RO          512    locale$$code        c_p.l(lc_ctype_c.o)
    0x00003c8c   0x00000010   Code   RO          428    x$fpl$printf1       fz_ps.l(printf1.o)
    0x00003c9c   0x00000000   Code   RO          500    x$fpl$usenofp       fz_ps.l(usenofp.o)
    0x00003c9c   0x00000010   Data   RO           52    .constdata          gpio.o
    0x00003cac   0x000007a1   Data   RO          223    .constdata          oled2864.o
    0x0000444d   0x00000003   PAD
    0x00004450   0x00000008   Data   RO          354    .constdata          c_p.l(_printf_wctomb.o)
    0x00004458   0x00000028   Data   RO          383    .constdata          c_p.l(_printf_hex_int_ll_ptr.o)
    0x00004480   0x00000011   Data   RO          403    .constdata          c_p.l(__printf_flags_ss_wp.o)
    0x00004491   0x00000003   PAD
    0x00004494   0x00000094   Data   RO          477    .constdata          c_p.l(bigflt0.o)
    0x00004528   0x00000020   Data   RO          625    Region$$Table       anon$$obj.o
    0x00004548   0x0000001c   Data   RO          483    locale$$data        c_p.l(lc_numeric_c.o)
    0x00004564   0x00000110   Data   RO          511    locale$$data        c_p.l(lc_ctype_c.o)


    Execution Region RW_IRAM1 (Base: 0x10000000, Size: 0x00000458, Max: 0x00002000, ABSOLUTE)

    Base Addr    Size         Type   Attr      Idx    E Section Name        Object

    0x10000000   0x0000000c   Data   RW           28    .data               system_lpc11xx.o
    0x1000000c   0x00000028   Data   RW           53    .data               gpio.o
    0x10000034   0x00000010   Data   RW           82    .data               uart.o
    0x10000044   0x00000008   Data   RW          110    .data               retarget.o
    0x1000004c   0x00000018   Data   RW          133    .data               timer32.o
    0x10000064   0x00000018   Data   RW          153    .data               ssp.o
    0x1000007c   0x00000029   Data   RW          171    .data               i2c.o
    0x100000a5   0x00000001   PAD
    0x100000a6   0x00000008   Data   RW          240    .data               spi_uart.o
    0x100000ae   0x00000002   PAD
    0x100000b0   0x00000004   Data   RW          259    .data               main.o
    0x100000b4   0x00000004   Data   RW          296    .data               watchdog.o
    0x100000b8   0x00000040   Zero   RW           81    .bss                uart.o
    0x100000f8   0x00000100   Zero   RW          238    .bss                spi_uart.o
    0x100001f8   0x00000060   Zero   RW          504    .bss                c_p.l(libspace.o)
    0x10000258   0x00000000   Zero   RW            2    HEAP                startup_lpc11xx.o
    0x10000258   0x00000200   Zero   RW            1    STACK               startup_lpc11xx.o


==============================================================================

Image component sizes


      Code (inc. data)   RO Data    RW Data    ZI Data      Debug   Object Name

         0          0          0          0          0       4184   core_cm0.o
      1228         62         16         40          0      12289   gpio.o
       796         74          0         41          0      17945   i2c.o
       452         70          0          4          0       9679   main.o
      2324         42       1953          0          0      11608   oled2864.o
       140         18          0          8          0       3473   retarget.o
       736         24          0          8        256       4059   spi_uart.o
      1376         80          0         24          0       4145   ssp.o
        56         22        192          0        512       1028   startup_lpc11xx.o
       220         34          0         12          0       8349   system_lpc11xx.o
      1176         90          0         24          0       3888   timer32.o
       148          8          0          0          0       1135   tools.o
       588         50          0         16         64      11179   uart.o
       280        120          0          4          0       1367   watchdog.o

    ----------------------------------------------------------------------
      9520        694       2196        184        832      94328   Object Totals
         0          0         32          0          0          0   (incl. Generated)
         0          0          3          3          0          0   (incl. Padding)

    ----------------------------------------------------------------------

      Code (inc. data)   RO Data    RW Data    ZI Data      Debug   Library Member Name

        28          6          0          0          0         84   __2printf.o
         8          0          0          0          0         68   __main.o
       392          4         17          0          0         76   __printf_flags_ss_wp.o
        14          0          0          0          0         60   __printf_wp.o
        60          8          0          0          0          0   __scatter.o
        26          0          0          0          0          0   __scatter_copy.o
        28          0          0          0          0          0   __scatter_zi.o
        10          0          0          0          0          0   _printf_a.o
        10          0          0          0          0          0   _printf_c.o
        46          0          0          0          0        100   _printf_char.o
        48          6          0          0          0         88   _printf_char_common.o
        40          6          0          0          0         72   _printf_char_file.o
        40          0          0          0          0         60   _printf_charcount.o
        10          0          0          0          0          0   _printf_d.o
       108         18          0          0          0         76   _printf_dec.o
        10          0          0          0          0          0   _printf_e.o
        10          0          0          0          0          0   _printf_f.o
      1044         12          0          0          0        176   _printf_fp_dec.o
       136         16          0          0          0         76   _printf_fp_infnan.o
        10          0          0          0          0          0   _printf_g.o
       152          4         40          0          0        148   _printf_hex_int_ll_ptr.o
        10          0          0          0          0          0   _printf_i.o
       176          0          0          0          0         84   _printf_intcommon.o
        10          0          0          0          0          0   _printf_l.o
        10          0          0          0          0          0   _printf_lc.o
        10          0          0          0          0          0   _printf_ll.o
        10          0          0          0          0          0   _printf_lld.o
        10          0          0          0          0          0   _printf_lli.o
        10          0          0          0          0          0   _printf_llo.o
        10          0          0          0          0          0   _printf_llu.o
        10          0          0          0          0          0   _printf_llx.o
       112         18          0          0          0         76   _printf_longlong_dec.o
        10          0          0          0          0          0   _printf_ls.o
        10          0          0          0          0          0   _printf_n.o
        10          0          0          0          0          0   _printf_o.o
       112         10          0          0          0        112   _printf_oct_int_ll.o
        10          0          0          0          0          0   _printf_p.o
        78          0          0          0          0        100   _printf_pad.o
         2          0          0          0          0          0   _printf_percent.o
         4          0          0          0          0          0   _printf_percent_end.o
        10          0          0          0          0          0   _printf_s.o
        82          0          0          0          0         72   _printf_str.o
        36          0          0          0          0         76   _printf_truncate.o
        10          0          0          0          0          0   _printf_u.o
        46          0          0          0          0        100   _printf_wchar.o
       188          6          8          0          0         80   _printf_wctomb.o
        10          0          0          0          0          0   _printf_x.o
        16          0          0          0          0         60   _snputc.o
        10          0          0          0          0         60   _sputc.o
        68          0          0          0          0         72   _wcrtomb.o
       346          0          0          0          0         92   aeabi_sdiv.o
       204          4        148          0          0         80   bigflt0.o
      1240         12          0          0          0        316   btod.o
        52          4          0          0          0         72   c89vsnprintf.o
        12          0          0          0          0         64   exit.o
         6          0          0          0          0        136   heapauxi.o
        44         10        272          0          0         76   lc_ctype_c.o
        44         10         28          0          0         76   lc_numeric_c.o
         6          0          0          0          0          0   libinit.o
        30          0          0          0          0          0   libinit2.o
         2          0          0          0          0          0   libshutdown.o
         2          0          0          0          0          0   libshutdown2.o
         8          4          0          0         96         68   libspace.o
       122          0          0          0          0         72   lludiv10.o
        16          4          0          0          0         76   rt_ctype_table.o
         8          4          0          0          0         68   rt_locale_intlibspace.o
         0          0          0          0          0          0   rtentry.o
        12          0          0          0          0          0   rtentry2.o
         6          0          0          0          0          0   rtentry4.o
         2          0          0          0          0          0   rtexit.o
        10          0          0          0          0          0   rtexit2.o
        40          0          0          0          0         60   rtudiv10.o
       136          4          0          0          0         72   strcmp.o
        62          0          0          0          0         80   sys_stackheap_outer.o
         2          0          0          0          0         68   use_no_semi.o
        16          4          0          0          0         76   printf1.o
         0          0          0          0          0          0   usenofp.o
        44          6          0          0          0         60   fpclassify.o

    ----------------------------------------------------------------------
      5804        180        516          0         96       3588   Library Totals
        12          0          3          0          0          0   (incl. Padding)

    ----------------------------------------------------------------------

      Code (inc. data)   RO Data    RW Data    ZI Data      Debug   Library Name

      5732        170        513          0         96       3452   c_p.l
        16          4          0          0          0         76   fz_ps.l
        44          6          0          0          0         60   m_ps.l

    ----------------------------------------------------------------------
      5804        180        516          0         96       3588   Library Totals

    ----------------------------------------------------------------------

==============================================================================


      Code (inc. data)   RO Data    RW Data    ZI Data      Debug   

     15324        874       2712        184        928      95064   Grand Totals
     15324        874       2712        184        928      95064   ELF Image Totals
     15324        874       2712        184          0          0   ROM Totals

==============================================================================

    Total RO  Size (Code + RO Data)                18036 (  17.61kB)
    Total RW  Size (RW Data + ZI Data)              1112 (   1.09kB)
    Total ROM Size (Code + RO Data + RW Data)      18220 (  17.79kB)

==============================================================================

