<html>
<body>
<pre>
<h1>礦ision Build Log</h1>
<h2>Project:</h2>
E:\项目\物联网仓储管理\项目分发给学生资料--A9\M0相关\m0参考代码\测试程序_华清远见\17_ZigBee实验\11c14代码\ZigBee\project.uvproj
Project File Date:  07/21/2013

<h2>Output:</h2>
Build target 'ZigBee_Prj'
assembling startup_LPC11xx.s...
compiling core_cm0.c...
compiling system_LPC11xx.c...
compiling gpio.c...
compiling uart.c...
compiling retarget.c...
compiling ssp.c...
compiling i2c.c...
compiling tools.c...
compiling oled2864.c...
compiling spi_uart.c...
compiling main.c...
compiling lpc11c14_it.c...
linking...
Program Size: Code=13916 RO-data=2704 RW-data=152 ZI-data=928  
FromELF: creating hex file...
".\output\ZigBee_Prj.axf" - 0 Error(s), 0 Warning(s).
Load "E:\\项目\\物联网仓储管理\\项目分发给学生资料--A9\\M0相关\\m0参考代码\\测试程序_华清远见\\17_ZigBee实验\\11c14代码\\ZigBee\\output\\ZigBee_Prj.AXF" 
