<html>
<body>
<pre>
<h1>礦ision Build Log</h1>
<h2>Project:</h2>
E:\平台资料\FS_11C14物联网开发平台配套资料V6.0\源码测试\06_蜂鸣器驱动实验\Speaker\project.uvproj
Project File Date:  09/05/2014

<h2>Output:</h2>
Rebuild target 'GPIO'
assembling startup_LPC11xx.s...
compiling core_cm0.c...
compiling system_LPC11xx.c...
compiling gpio.c...
compiling timer32.c...
compiling tools.c...
compiling main.c...
linking...
Program Size: Code=3600 RO-data=252 RW-data=80 ZI-data=608  
FromELF: creating hex file...
".\output\GPIO.axf" - 0 Error(s), 0 Warning(s).
Load "E:\\平台资料\\FS_11C14物联网开发平台配套资料V6.0\\源码测试\\06_蜂鸣器驱动实验\\Speaker\\output\\GPIO.AXF" 
'C:\Keil\ARM\BIN\coocox-agdi.dll' invalid peripheral driver
Load "E:\\平台资料\\FS_11C14物联网开发平台配套资料V6.0\\源码测试\\06_蜂鸣器驱动实验\\Speaker\\output\\GPIO.AXF" 
Erasing Done.
Programming Done: 17.95 KByte/s
Verify Done.
Rebuild target 'GPIO'
assembling startup_LPC11xx.s...
compiling core_cm0.c...
compiling system_LPC11xx.c...
compiling gpio.c...
compiling timer32.c...
compiling tools.c...
compiling main.c...
linking...
Program Size: Code=3600 RO-data=252 RW-data=80 ZI-data=608  
FromELF: creating hex file...
".\output\GPIO.axf" - 0 Error(s), 0 Warning(s).
Load "E:\\平台资料\\FS_11C14物联网开发平台配套资料V6.0\\源码测试\\06_蜂鸣器驱动实验\\Speaker\\output\\GPIO.AXF" 
Erasing Done.
Programming Done: 21.03 KByte/s
Verify Done.
Rebuild target 'GPIO'
assembling startup_LPC11xx.s...
compiling core_cm0.c...
compiling system_LPC11xx.c...
compiling gpio.c...
compiling timer32.c...
compiling tools.c...
compiling main.c...
linking...
Program Size: Code=3768 RO-data=252 RW-data=80 ZI-data=608  
FromELF: creating hex file...
".\output\GPIO.axf" - 0 Error(s), 0 Warning(s).
Load "E:\\平台资料\\FS_11C14物联网开发平台配套资料V6.0\\源码测试\\06_蜂鸣器驱动实验\\Speaker\\output\\GPIO.AXF" 
Erasing Done.
Programming Done: 18.72 KByte/s
Verify Done.
Rebuild target 'GPIO'
assembling startup_LPC11xx.s...
compiling core_cm0.c...
compiling system_LPC11xx.c...
compiling gpio.c...
compiling timer32.c...
compiling tools.c...
compiling main.c...
linking...
Program Size: Code=3604 RO-data=252 RW-data=80 ZI-data=608  
FromELF: creating hex file...
".\output\GPIO.axf" - 0 Error(s), 0 Warning(s).
Rebuild target 'GPIO'
assembling startup_LPC11xx.s...
compiling core_cm0.c...
compiling system_LPC11xx.c...
compiling gpio.c...
compiling timer32.c...
compiling tools.c...
compiling main.c...
linking...
Program Size: Code=3600 RO-data=252 RW-data=80 ZI-data=608  
FromELF: creating hex file...
".\output\GPIO.axf" - 0 Error(s), 0 Warning(s).
Load "E:\\平台资料\\FS_11C14物联网开发平台配套资料V6.0\\源码测试\\06_蜂鸣器驱动实验\\Speaker\\output\\GPIO.AXF" 
'C:\Keil\ARM\BIN\coocox-agdi.dll' invalid peripheral driver
Load "E:\\平台资料\\FS_11C14物联网开发平台配套资料V6.0\\源码测试\\06_蜂鸣器驱动实验\\Speaker\\output\\GPIO.AXF" 
Erasing Done.
Programming Done: 18.04 KByte/s
Verify Done.
