<html>
<body>
<pre>
<h1>礦ision Build Log</h1>
<h2>Project:</h2>
J:\M0相关资料\M0_v4.0\测试程序_华清远见\11_OLED实验\OLED\project.uvproj
Project File Date:  07/21/2013

<h2>Output:</h2>
Build target 'Target 1'
assembling startup_LPC11xx.s...
compiling core_cm0.c...
compiling system_LPC11xx.c...
compiling gpio.c...
compiling uart.c...
compiling retarget.c...
compiling ssp.c...
compiling i2c.c...
compiling tools.c...
compiling oled2864.c...
compiling main.c...
compiling lpc11c14_it.c...
linking...
Program Size: Code=13564 RO-data=2704 RW-data=136 ZI-data=1696  
User command #1: fromelf.exe --bin -o  "J:\M0相关资料\M0_v4.0\测试程序_华清远见\11_OLED实验\OLED\project.bin" "J:\M0相关资料\M0_v4.0\测试程序_华清远见\11_OLED实验\OLED\project.axf"
"project.axf" - 0 Error(s), 0 Warning(s).
Load "J:\\M0相关资料\\M0_v4.0\\测试程序_华清远见\\11_OLED实验\\OLED\\project.AXF" 
Erasing Done.
Programming Done: 14.39 KByte/s
Build target 'Target 1'
compiling main.c...
linking...
Program Size: Code=13564 RO-data=2704 RW-data=136 ZI-data=1696  
User command #1: fromelf.exe --bin -o  "J:\M0相关资料\M0_v4.0\测试程序_华清远见\11_OLED实验\OLED\project.bin" "J:\M0相关资料\M0_v4.0\测试程序_华清远见\11_OLED实验\OLED\project.axf"
"project.axf" - 0 Error(s), 0 Warning(s).
Load "J:\\M0相关资料\\M0_v4.0\\测试程序_华清远见\\11_OLED实验\\OLED\\project.AXF" 
Erasing Done.
Programming Done: 14.39 KByte/s
Load "J:\\M0相关资料\\M0_v4.0\\测试程序_华清远见\\11_OLED实验\\OLED\\project.AXF" 
Erasing Done.
Programming Done: 14.39 KByte/s
Build target 'Target 1'
compiling main.c...
linking...
Program Size: Code=13564 RO-data=2704 RW-data=136 ZI-data=1696  
User command #1: fromelf.exe --bin -o  "J:\M0相关资料\M0_v4.0\测试程序_华清远见\11_OLED实验\OLED\project.bin" "J:\M0相关资料\M0_v4.0\测试程序_华清远见\11_OLED实验\OLED\project.axf"
"project.axf" - 0 Error(s), 0 Warning(s).
Load "J:\\M0相关资料\\M0_v4.0\\测试程序_华清远见\\11_OLED实验\\OLED\\project.AXF" 
Erasing Done.
Programming Done: 14.58 KByte/s
Build target 'Target 1'
compiling main.c...
linking...
Program Size: Code=13564 RO-data=2704 RW-data=136 ZI-data=1696  
User command #1: fromelf.exe --bin -o  "J:\M0相关资料\M0_v4.0\测试程序_华清远见\11_OLED实验\OLED\project.bin" "J:\M0相关资料\M0_v4.0\测试程序_华清远见\11_OLED实验\OLED\project.axf"
"project.axf" - 0 Error(s), 0 Warning(s).
Load "J:\\M0相关资料\\M0_v4.0\\测试程序_华清远见\\11_OLED实验\\OLED\\project.AXF" 
Erasing Done.
Programming Done: 14.58 KByte/s
