<html>
<body>
<pre>
<h1>礦ision Build Log</h1>
<h2>Project:</h2>
E:\www.embedu.org\020 广西物联网技术与实践高级研修班 20111125_3\08_实验_Full\Full V2.38\project.uvproj
Project File Date:  11/25/2011

<h2>Output:</h2>
Build target 'Full'
assembling startup_LPC11xx.s...
compiling core_cm0.c...
compiling system_LPC11xx.c...
compiling clkconfig.c...
compiling gpio.c...
compiling uart.c...
compiling retarget.c...
compiling timer32.c...
compiling ssp.c...
compiling i2c.c...
compiling can.c...
compiling adc.c...
compiling tools.c...
compiling key.c...
compiling seg7led.c...
compiling oled2864.c...
compiling temp_hum.c...
compiling light.c...
compiling acc.c...
compiling rfid.c...
compiling spi_uart.c...
compiling main.c...
compiling can_pgm.c...
compiling menu.c...
compiling sensor.c...
compiling led_spk_fan.c...
compiling lpc11c14_it.c...
linking...
Program Size: Code=28088 RO-data=2936 RW-data=248 ZI-data=1920  
FromELF: creating hex file...
".\output\Full.axf" - 0 Error(s), 0 Warning(s).
Load "E:\\www.embedu.org\\020 广西物联网技术与实践高级研修班 20111125_3\\08_实验_Full\\Full V2.38\\output\\Full.AXF" 
'C:\DesignTools\Keil_RealView_MDK\ARM\BIN\coocox-agdi.dll' invalid peripheral driver
Load "E:\\www.embedu.org\\020 广西物联网技术与实践高级研修班 20111125_3\\08_实验_Full\\Full V2.38\\output\\Full.AXF" 
Erasing Done.
Programming Done: 15.28 KByte/s
Verify Done.
