<html>
<body>
<pre>
<h1>礦ision Build Log</h1>
<h2>Project:</h2>
E:\平台资料\FS_11C14物联网开发平台配套资料V6.0\源码测试\01_GPIO实验\GPIO\project.uvproj
Project File Date:  09/03/2014

<h2>Output:</h2>
Rebuild target 'GPIO'
assembling startup_LPC11xx.s...
compiling core_cm0.c...
compiling system_LPC11xx.c...
compiling gpio.c...
compiling main.c...
linking...
Program Size: Code=1820 RO-data=240 RW-data=52 ZI-data=644  
FromELF: creating hex file...
".\output\GPIO.axf" - 0 Error(s), 0 Warning(s).
Load "E:\\平台资料\\FS_11C14物联网开发平台配套资料V6.0\\源码测试\\01_GPIO实验\\GPIO\\output\\GPIO.AXF" 
'C:\Keil\ARM\BIN\coocox-agdi.dll' invalid peripheral driver
Load "E:\\平台资料\\FS_11C14物联网开发平台配套资料V6.0\\源码测试\\01_GPIO实验\\GPIO\\output\\GPIO.AXF" 
Erasing Done.
Programming Done: 10.46 KByte/s
Verify Done.
Rebuild target 'GPIO'
assembling startup_LPC11xx.s...
compiling core_cm0.c...
compiling system_LPC11xx.c...
compiling gpio.c...
compiling main.c...
linking...
Program Size: Code=1820 RO-data=240 RW-data=52 ZI-data=644  
FromELF: creating hex file...
".\output\GPIO.axf" - 0 Error(s), 0 Warning(s).
Load "E:\\平台资料\\FS_11C14物联网开发平台配套资料V6.0\\源码测试\\01_GPIO实验\\GPIO\\output\\GPIO.AXF" 
Erasing Done.
Programming Done: 10.46 KByte/s
Verify Done.
Rebuild target 'GPIO'
assembling startup_LPC11xx.s...
compiling core_cm0.c...
compiling system_LPC11xx.c...
compiling gpio.c...
compiling main.c...
linking...
Program Size: Code=1868 RO-data=240 RW-data=52 ZI-data=644  
FromELF: creating hex file...
".\output\GPIO.axf" - 0 Error(s), 0 Warning(s).
Load "E:\\平台资料\\FS_11C14物联网开发平台配套资料V6.0\\源码测试\\01_GPIO实验\\GPIO\\output\\GPIO.AXF" 
Erasing Done.
Programming Done: 10.64 KByte/s
Verify Done.
Rebuild target 'GPIO'
assembling startup_LPC11xx.s...
compiling core_cm0.c...
compiling system_LPC11xx.c...
compiling gpio.c...
compiling main.c...
linking...
Program Size: Code=1868 RO-data=240 RW-data=52 ZI-data=644  
FromELF: creating hex file...
".\output\GPIO.axf" - 0 Error(s), 0 Warning(s).
Load "E:\\平台资料\\FS_11C14物联网开发平台配套资料V6.0\\源码测试\\01_GPIO实验\\GPIO\\output\\GPIO.AXF" 
'C:\Keil\ARM\BIN\coocox-agdi.dll' invalid peripheral driver
Load "E:\\平台资料\\FS_11C14物联网开发平台配套资料V6.0\\源码测试\\01_GPIO实验\\GPIO\\output\\GPIO.AXF" 
Erasing Done.
Programming Done: 10.64 KByte/s
Verify Done.
