<html>
<body>
<pre>
<h1>礦ision Build Log</h1>
<h2>Project:</h2>
E:\项目\物联网仓储管理\项目分发给学生资料--A9\M0相关\M0_v3.0\实验代码_新\07_实验_uCOS\FS11C14_uCOS V1.10\project.uvproj
Project File Date:  03/21/2013

<h2>Output:</h2>
Build target 'FS11C14_uCOS'
assembling startup_LPC11xx.s...
compiling core_cm0.c...
compiling system_LPC11xx.c...
compiling gpio.c...
compiling uart.c...
compiling retarget.c...
compiling timer32.c...
compiling key.c...
compiling seg7led.c...
assembling os_cpu_a.s...
compiling os_cpu_c.c...
compiling os_tmr.c...
compiling os_core.c...
compiling os_dbg.c...
compiling os_flag.c...
compiling os_mbox.c...
compiling os_mem.c...
compiling os_mutex.c...
compiling os_q.c...
compiling os_sem.c...
compiling os_task.c...
compiling os_time.c...
compiling main.c...
compiling lpc11c14_it.c...
compiling speaker_op.c...
linking...
Program Size: Code=22368 RO-data=544 RW-data=176 ZI-data=5384  
FromELF: creating hex file...
".\output\Full.axf" - 0 Error(s), 0 Warning(s).
