<html>
<body>
<pre>
<h1>礦ision Build Log</h1>
<h2>Project:</h2>
E:\课件\ARM\FS_11C14物联网开发平台配套资料\测试程序_华清远见\13_SSP实验\SSP\project.uvproj
Project File Date:  06/24/2012

<h2>Output:</h2>
Build target 'SSP'
assembling startup_LPC11xx.s...
compiling core_cm0.c...
compiling system_LPC11xx.c...
compiling gpio.c...
compiling retarget.c...
compiling uart.c...
compiling main.c...
compiling ssp.c...
linking...
Program Size: Code=4932 RO-data=248 RW-data=88 ZI-data=704  
FromELF: creating hex file...
".\obj\SSP.axf" - 0 Error(s), 0 Warning(s).
Build target 'SSP'
assembling startup_LPC11xx.s...
compiling core_cm0.c...
compiling system_LPC11xx.c...
compiling gpio.c...
compiling retarget.c...
compiling uart.c...
compiling main.c...
compiling ssp.c...
linking...
Program Size: Code=4800 RO-data=248 RW-data=88 ZI-data=704  
FromELF: creating hex file...
".\obj\SSP.axf" - 0 Error(s), 0 Warning(s).
Build target 'SSP'
assembling startup_LPC11xx.s...
compiling core_cm0.c...
compiling system_LPC11xx.c...
compiling gpio.c...
compiling retarget.c...
compiling uart.c...
compiling main.c...
compiling ssp.c...
linking...
Program Size: Code=4800 RO-data=248 RW-data=88 ZI-data=704  
FromELF: creating hex file...
".\obj\SSP.axf" - 0 Error(s), 0 Warning(s).
Build target 'SSP'
assembling startup_LPC11xx.s...
compiling core_cm0.c...
compiling system_LPC11xx.c...
compiling gpio.c...
compiling retarget.c...
compiling uart.c...
compiling main.c...
compiling ssp.c...
linking...
Program Size: Code=4800 RO-data=248 RW-data=88 ZI-data=704  
FromELF: creating hex file...
".\obj\SSP.axf" - 0 Error(s), 0 Warning(s).
Build target 'SSP'
assembling startup_LPC11xx.s...
compiling core_cm0.c...
compiling system_LPC11xx.c...
compiling gpio.c...
compiling retarget.c...
compiling uart.c...
compiling main.c...
compiling ssp.c...
linking...
Program Size: Code=4800 RO-data=248 RW-data=88 ZI-data=704  
FromELF: creating hex file...
".\obj\SSP.axf" - 0 Error(s), 0 Warning(s).
Load "E:\\课件\\ARM\\FS_11C14物联网开发平台配套资料\\测试程序_华清远见\\13_SSP实验\\SSP\\obj\\SSP.AXF" 
Erasing Done.
Programming Done: 21.86 KByte/s
Verify Done.
Build target 'SSP'
assembling startup_LPC11xx.s...
compiling core_cm0.c...
compiling system_LPC11xx.c...
compiling gpio.c...
compiling retarget.c...
compiling uart.c...
compiling main.c...
compiling ssp.c...
linking...
Program Size: Code=5236 RO-data=224 RW-data=88 ZI-data=704  
FromELF: creating hex file...
".\obj\SSP.axf" - 0 Error(s), 0 Warning(s).
Build target 'SSP'
assembling startup_LPC11xx.s...
compiling core_cm0.c...
compiling system_LPC11xx.c...
compiling gpio.c...
compiling retarget.c...
compiling uart.c...
compiling main.c...
compiling ssp.c...
linking...
Program Size: Code=5236 RO-data=224 RW-data=88 ZI-data=704  
FromELF: creating hex file...
".\obj\SSP.axf" - 0 Error(s), 0 Warning(s).
Load "E:\\课件\\ARM\\FS_11C14物联网开发平台配套资料\\测试程序_华清远见\\13_SSP实验\\SSP\\obj\\SSP.AXF" 
Erasing Done.
Programming Done: 23.71 KByte/s
Verify Done.
Build target 'SSP'
assembling startup_LPC11xx.s...
compiling core_cm0.c...
compiling system_LPC11xx.c...
compiling gpio.c...
compiling retarget.c...
compiling uart.c...
compiling main.c...
compiling ssp.c...
linking...
Program Size: Code=4800 RO-data=248 RW-data=88 ZI-data=704  
FromELF: creating hex file...
".\obj\SSP.axf" - 0 Error(s), 0 Warning(s).
Load "E:\\课件\\ARM\\FS_11C14物联网开发平台配套资料\\测试程序_华清远见\\13_SSP实验\\SSP\\obj\\SSP.AXF" 
*** Error: 'C:\Keil\ARM\BIN\coocox-agdi.dll' invalid peripheral driver
Load "E:\\课件\\ARM\\FS_11C14物联网开发平台配套资料\\测试程序_华清远见\\13_SSP实验\\SSP\\obj\\SSP.AXF" 
*** Error: 'C:\Keil\ARM\BIN\coocox-agdi.dll' invalid peripheral driver
Load "E:\\课件\\ARM\\FS_11C14物联网开发平台配套资料\\测试程序_华清远见\\13_SSP实验\\SSP\\obj\\SSP.AXF" 
Erasing Done.
Programming Done: 23.56 KByte/s
Verify Done.
Build target 'SSP'
assembling startup_LPC11xx.s...
compiling core_cm0.c...
compiling system_LPC11xx.c...
compiling gpio.c...
compiling retarget.c...
compiling uart.c...
compiling main.c...
compiling ssp.c...
linking...
Program Size: Code=4788 RO-data=248 RW-data=88 ZI-data=704  
FromELF: creating hex file...
".\obj\SSP.axf" - 0 Error(s), 0 Warning(s).
Build target 'SSP'
assembling startup_LPC11xx.s...
compiling core_cm0.c...
compiling system_LPC11xx.c...
compiling gpio.c...
compiling retarget.c...
compiling uart.c...
compiling main.c...
compiling ssp.c...
linking...
Program Size: Code=4788 RO-data=248 RW-data=88 ZI-data=704  
FromELF: creating hex file...
".\obj\SSP.axf" - 0 Error(s), 0 Warning(s).
Load "E:\\课件\\ARM\\FS_11C14物联网开发平台配套资料\\测试程序_华清远见\\13_SSP实验\\SSP\\obj\\SSP.AXF" 
Erasing Done.
Programming Done: 21.90 KByte/s
Verify Done.
