<html>
<body>
<pre>
<h1>礦ision Build Log</h1>
<h2>Project:</h2>
E:\ShengLi\01-Farsight\10-物联网师资班\FS_11C14物联网开发平台配套资料V6.0\源码测试\30_综合模块测试\Full\project.uvproj
Project File Date:  01/02/2014

<h2>Output:</h2>
Build target 'Full'
assembling startup_LPC11xx.s...
compiling core_cm0.c...
compiling system_LPC11xx.c...
compiling clkconfig.c...
compiling gpio.c...
compiling uart.c...
compiling retarget.c...
compiling ssp.c...
compiling adc.c...
compiling tools.c...
compiling key.c...
compiling oled2864.c...
compiling spi_uart.c...
compiling main.c...
compiling menu.c...
compiling led_spk_fan.c...
compiling lpc11c14_it.c...
compiling IIC.C...
linking...
Program Size: Code=27344 RO-data=3056 RW-data=152 ZI-data=960  
FromELF: creating hex file...
".\output\Full.axf" - 0 Error(s), 0 Warning(s).
Load "E:\\ShengLi\\01-Farsight\\10-物联网师资班\\FS_11C14物联网开发平台配套资料V6.0\\源码测试\\30_综合模块测试\\Full\\output\\Full.AXF" 
Load "E:\\ShengLi\\01-Farsight\\10-物联网师资班\\FS_11C14物联网开发平台配套资料V6.0\\源码测试\\30_综合模块测试\\Full\\output\\Full.AXF" 
Erasing Done.
Programming Done: 27.16 KByte/s
Load "E:\\ShengLi\\01-Farsight\\10-物联网师资班\\FS_11C14物联网开发平台配套资料V6.0\\源码测试\\30_综合模块测试\\Full\\output\\Full.AXF" 
Erasing Done.
Programming Done: 27.16 KByte/s
