<html>
<body>
<pre>
<h1>礦ision Build Log</h1>
<h2>Project:</h2>
F:\仓储\物联网项目资料\M0\FS_11C14光盘_v4.0\FS_11C14光盘\RFID模块资料\FS_RC522 RFID模块相关资料\实验代码\project\RFID.uvproj
Project File Date:  04/20/2012

<h2>Output:</h2>
Build target 'UART'
assembling startup_LPC11xx.s...
compiling core_cm0.c...
compiling system_LPC11xx.c...
compiling uart.c...
compiling retarget.c...
compiling gpio.c...
compiling ssp.c...
compiling main.c...
compiling RC522.c...
linking...
Program Size: Code=7240 RO-data=224 RW-data=120 ZI-data=688  
FromELF: creating hex file...
".\Obj\LPC1111_RFID.axf" - 0 Error(s), 0 Warning(s).
