<html>
<body>
<pre>
<h1>礦ision Build Log</h1>
<h2>Project:</h2>
E:\ShengLi\01-Farsight\10-物联网师资班\FS_11C14物联网开发平台配套资料V6.0\源码测试\19_霍尔采集试验\hall_mag\project.uvproj
Project File Date:  11/27/2013

<h2>Output:</h2>
Build target 'Sensor_Prj'
assembling startup_LPC11xx.s...
compiling core_cm0.c...
compiling system_LPC11xx.c...
compiling adc.c...
compiling gpio.c...
compiling ssp.c...
compiling retarget.c...
compiling uart.c...
compiling tools.c...
compiling oled2864.c...
compiling main.c...
linking...
Program Size: Code=12040 RO-data=2704 RW-data=52 ZI-data=676  
FromELF: creating hex file...
".\output\Sensor_Prj.axf" - 0 Error(s), 0 Warning(s).
Build target 'Sensor_Prj'
assembling startup_LPC11xx.s...
compiling core_cm0.c...
compiling system_LPC11xx.c...
compiling adc.c...
compiling gpio.c...
compiling ssp.c...
compiling retarget.c...
compiling uart.c...
compiling tools.c...
compiling oled2864.c...
compiling main.c...
linking...
Program Size: Code=12040 RO-data=2704 RW-data=52 ZI-data=676  
FromELF: creating hex file...
".\output\Sensor_Prj.axf" - 0 Error(s), 0 Warning(s).
Build target 'Hall'
assembling startup_LPC11xx.s...
compiling core_cm0.c...
compiling system_LPC11xx.c...
compiling adc.c...
compiling gpio.c...
compiling ssp.c...
compiling retarget.c...
compiling uart.c...
compiling tools.c...
compiling oled2864.c...
compiling main.c...
linking...
Program Size: Code=12040 RO-data=2704 RW-data=52 ZI-data=676  
FromELF: creating hex file...
".\output\Sensor_Prj.axf" - 0 Error(s), 0 Warning(s).
Build target 'Hall'
assembling startup_LPC11xx.s...
compiling core_cm0.c...
compiling system_LPC11xx.c...
compiling adc.c...
compiling gpio.c...
compiling ssp.c...
compiling retarget.c...
compiling uart.c...
compiling tools.c...
compiling oled2864.c...
compiling main.c...
linking...
Program Size: Code=12040 RO-data=2704 RW-data=52 ZI-data=676  
FromELF: creating hex file...
".\output\Sensor_Prj.axf" - 0 Error(s), 0 Warning(s).
