<html>
<body>
<pre>
<h1>礦ision Build Log</h1>
<h2>Project:</h2>
E:\项目\物联网仓储管理\项目分发给学生资料--A9\M0相关\M0_v3.0\实验代码_新\10_实验_ZigBee\ZigBee V2.40\project.uvproj
Project File Date:  03/13/2012

<h2>Output:</h2>
Build target 'ZigBee_Prj'
assembling startup_LPC11xx.s...
compiling core_cm0.c...
compiling system_LPC11xx.c...
compiling clkconfig.c...
compiling gpio.c...
compiling uart.c...
compiling retarget.c...
compiling timer32.c...
compiling ssp.c...
compiling i2c.c...
compiling can.c...
compiling adc.c...
compiling tools.c...
compiling key.c...
compiling seg7led.c...
compiling oled2864.c...
compiling temp_hum.c...
compiling light.c...
compiling acc.c...
compiling rfid.c...
compiling spi_uart.c...
compiling main.c...
compiling can_pgm.c...
compiling menu.c...
compiling sensor.c...
compiling led_spk_fan.c...
compiling lpc11c14_it.c...
compiling speaker_op.c...
linking...
Program Size: Code=24564 RO-data=2880 RW-data=208 ZI-data=1856  
FromELF: creating hex file...
".\output\ZigBee_Prj.axf" - 0 Error(s), 0 Warning(s).
Load "E:\\项目\\物联网仓储管理\\项目分发给学生资料--A9\\M0相关\\M0_v3.0\\实验代码_新\\10_实验_ZigBee\\ZigBee V2.40\\output\\ZigBee_Prj.AXF" 
*** Error: 'd:\Keil\ARM\BIN\coocox-agdi.dll' invalid peripheral driver
Load "E:\\项目\\物联网仓储管理\\项目分发给学生资料--A9\\M0相关\\M0_v3.0\\实验代码_新\\10_实验_ZigBee\\ZigBee V2.40\\output\\ZigBee_Prj.AXF" 
