###############################################################################
#                                                                             #
# IAR C/C++ Compiler V8.10.1.10194/W32 for 8051         26/Mar/2015  10:34:59 #
# Copyright 2004-2011 IAR Systems AB.                                         #
#                                                                             #
#    Core               =  plain                                              #
#    Code model         =  banked                                             #
#    Data model         =  large                                              #
#    Calling convention =  xdata reentrant                                    #
#    Constant location  =  data_rom                                           #
#    Dptr setup         =  1,16                                               #
#    Source file        =  C:\Texas Instruments\ZStack-CC2530-2.3.0-1.4.0\Com #
#                          ponents\mt\MT_UART.c                               #
#    Command line       =  -f "C:\Texas Instruments\ZStack-CC2530-2.3.0-1.4.0 #
#                          \Projects\zstack\Samples\GenericApp\CC2530DB\..\.. #
#                          \..\Tools\CC2530DB\f8wCoord.cfg" (-DCPU32MHZ       #
#                          -DROOT=__near_func -DMAC_CFG_APP_PENDING_QUEUE=TRU #
#                          E -DZDO_COORDINATOR -DRTR_NWK -DBLINK_LEDS) -f     #
#                          "C:\Texas Instruments\ZStack-CC2530-2.3.0-1.4.0\Pr #
#                          ojects\zstack\Samples\GenericApp\CC2530DB\..\..\.. #
#                          \Tools\CC2530DB\f8wConfig.cfg" (-DSECURE=0         #
#                          -DZG_SECURE_DYNAMIC=0 -DREFLECTOR                  #
#                          -DDEFAULT_CHANLIST=0x00000800                      #
#                          -DZDAPP_CONFIG_PAN_ID=0xFFFC                       #
#                          -DNWK_START_DELAY=100 -DEXTENDED_JOINING_RANDOM_MA #
#                          SK=0x007F -DBEACON_REQUEST_DELAY=100               #
#                          -DBEACON_REQ_DELAY_MASK=0x00FF                     #
#                          -DROUTE_EXPIRY_TIME=30 -DAPSC_ACK_WAIT_DURATION_PO #
#                          LLED=3000 -DNWK_INDIRECT_MSG_TIMEOUT=7             #
#                          -DMAX_RREQ_ENTRIES=8 -DAPSC_MAX_FRAME_RETRIES=3    #
#                          -DNWK_MAX_DATA_RETRIES=2                           #
#                          -DMAX_POLL_FAILURE_RETRIES=2 -DMAX_BCAST=9         #
#                          -DAPS_MAX_GROUPS=16 -DMAX_RTG_ENTRIES=40           #
#                          -DNWK_MAX_BINDING_ENTRIES=4                        #
#                          -DMAX_BINDING_CLUSTER_IDS=4 "-DDEFAULT_KEY={0x01,  #
#                          0x03, 0x05, 0x07, 0x09, 0x0B, 0x0D, 0x0F, 0x00,    #
#                          0x02, 0x04, 0x06, 0x08, 0x0A, 0x0C, 0x0D}"         #
#                          -DMAC_MAX_FRAME_SIZE=116 "-DCONST=const __code"    #
#                          -DGENERIC=__generic -DRFD_RCVC_ALWAYS_ON=FALSE     #
#                          -DPOLL_RATE=1000 -DQUEUED_POLL_RATE=100            #
#                          -DRESPONSE_POLL_RATE=100) -DREJOIN_POLL_RATE=440   #
#                          "C:\Texas Instruments\ZStack-CC2530-2.3.0-1.4.0\Co #
#                          mponents\mt\MT_UART.c" -D ZTOOL_P1 -D MT_TASK -D   #
#                          MT_SYS_FUNC -D MT_ZDO_FUNC -D LCD_SUPPORTED=DEBUG  #
#                          -lC "C:\Texas Instruments\ZStack-CC2530-2.3.0-1.4. #
#                          0\Projects\zstack\Samples\GenericApp\CC2530DB\Coor #
#                          dinatorEB\List\" -lA "C:\Texas                     #
#                          Instruments\ZStack-CC2530-2.3.0-1.4.0\Projects\zst #
#                          ack\Samples\GenericApp\CC2530DB\CoordinatorEB\List #
#                          \" --diag_suppress Pe001,Pa010 -o "C:\Texas        #
#                          Instruments\ZStack-CC2530-2.3.0-1.4.0\Projects\zst #
#                          ack\Samples\GenericApp\CC2530DB\CoordinatorEB\Obj\ #
#                          " -e --debug --core=plain --dptr=16,1              #
#                          --data_model=large --code_model=banked             #
#                          --calling_convention=xdata_reentrant               #
#                          --place_constants=data_rom --nr_virtual_regs 16    #
#                          -I "C:\Texas Instruments\ZStack-CC2530-2.3.0-1.4.0 #
#                          \Projects\zstack\Samples\GenericApp\CC2530DB\" -I  #
#                          "C:\Texas Instruments\ZStack-CC2530-2.3.0-1.4.0\Pr #
#                          ojects\zstack\Samples\GenericApp\CC2530DB\..\SOURC #
#                          E\" -I "C:\Texas Instruments\ZStack-CC2530-2.3.0-1 #
#                          .4.0\Projects\zstack\Samples\GenericApp\CC2530DB\. #
#                          .\..\..\ZMAIN\TI2530DB\" -I "C:\Texas              #
#                          Instruments\ZStack-CC2530-2.3.0-1.4.0\Projects\zst #
#                          ack\Samples\GenericApp\CC2530DB\..\..\..\..\..\COM #
#                          PONENTS\MT\" -I "C:\Texas                          #
#                          Instruments\ZStack-CC2530-2.3.0-1.4.0\Projects\zst #
#                          ack\Samples\GenericApp\CC2530DB\..\..\..\..\..\COM #
#                          PONENTS\HAL\INCLUDE\" -I "C:\Texas                 #
#                          Instruments\ZStack-CC2530-2.3.0-1.4.0\Projects\zst #
#                          ack\Samples\GenericApp\CC2530DB\..\..\..\..\..\COM #
#                          PONENTS\HAL\TARGET\CC2530EB\" -I "C:\Texas         #
#                          Instruments\ZStack-CC2530-2.3.0-1.4.0\Projects\zst #
#                          ack\Samples\GenericApp\CC2530DB\..\..\..\..\..\COM #
#                          PONENTS\OSAL\MCU\CCSOC\" -I "C:\Texas              #
#                          Instruments\ZStack-CC2530-2.3.0-1.4.0\Projects\zst #
#                          ack\Samples\GenericApp\CC2530DB\..\..\..\..\..\COM #
#                          PONENTS\OSAL\INCLUDE\" -I "C:\Texas                #
#                          Instruments\ZStack-CC2530-2.3.0-1.4.0\Projects\zst #
#                          ack\Samples\GenericApp\CC2530DB\..\..\..\..\..\COM #
#                          PONENTS\STACK\AF\" -I "C:\Texas                    #
#                          Instruments\ZStack-CC2530-2.3.0-1.4.0\Projects\zst #
#                          ack\Samples\GenericApp\CC2530DB\..\..\..\..\..\COM #
#                          PONENTS\STACK\NWK\" -I "C:\Texas                   #
#                          Instruments\ZStack-CC2530-2.3.0-1.4.0\Projects\zst #
#                          ack\Samples\GenericApp\CC2530DB\..\..\..\..\..\COM #
#                          PONENTS\STACK\SEC\" -I "C:\Texas                   #
#                          Instruments\ZStack-CC2530-2.3.0-1.4.0\Projects\zst #
#                          ack\Samples\GenericApp\CC2530DB\..\..\..\..\..\COM #
#                          PONENTS\STACK\SAPI\" -I "C:\Texas                  #
#                          Instruments\ZStack-CC2530-2.3.0-1.4.0\Projects\zst #
#                          ack\Samples\GenericApp\CC2530DB\..\..\..\..\..\COM #
#                          PONENTS\STACK\SYS\" -I "C:\Texas                   #
#                          Instruments\ZStack-CC2530-2.3.0-1.4.0\Projects\zst #
#                          ack\Samples\GenericApp\CC2530DB\..\..\..\..\..\COM #
#                          PONENTS\STACK\ZDO\" -I "C:\Texas                   #
#                          Instruments\ZStack-CC2530-2.3.0-1.4.0\Projects\zst #
#                          ack\Samples\GenericApp\CC2530DB\..\..\..\..\..\COM #
#                          PONENTS\ZMAC\F8W\" -I "C:\Texas                    #
#                          Instruments\ZStack-CC2530-2.3.0-1.4.0\Projects\zst #
#                          ack\Samples\GenericApp\CC2530DB\..\..\..\..\..\COM #
#                          PONENTS\ZMAC\" -I "C:\Texas                        #
#                          Instruments\ZStack-CC2530-2.3.0-1.4.0\Projects\zst #
#                          ack\Samples\GenericApp\CC2530DB\..\..\..\..\..\COM #
#                          PONENTS\SERVICES\SADDR\" -I "C:\Texas              #
#                          Instruments\ZStack-CC2530-2.3.0-1.4.0\Projects\zst #
#                          ack\Samples\GenericApp\CC2530DB\..\..\..\..\..\COM #
#                          PONENTS\SERVICES\SDATA\" -I "C:\Texas              #
#                          Instruments\ZStack-CC2530-2.3.0-1.4.0\Projects\zst #
#                          ack\Samples\GenericApp\CC2530DB\..\..\..\..\..\COM #
#                          PONENTS\MAC\INCLUDE\" -I "C:\Texas                 #
#                          Instruments\ZStack-CC2530-2.3.0-1.4.0\Projects\zst #
#                          ack\Samples\GenericApp\CC2530DB\..\..\..\..\..\COM #
#                          PONENTS\MAC\HIGH_LEVEL\" -I "C:\Texas              #
#                          Instruments\ZStack-CC2530-2.3.0-1.4.0\Projects\zst #
#                          ack\Samples\GenericApp\CC2530DB\..\..\..\..\..\COM #
#                          PONENTS\MAC\LOW_LEVEL\srf04\" -I "C:\Texas         #
#                          Instruments\ZStack-CC2530-2.3.0-1.4.0\Projects\zst #
#                          ack\Samples\GenericApp\CC2530DB\..\..\..\..\..\COM #
#                          PONENTS\MAC\LOW_LEVEL\srf04\SINGLE_CHIP\" -Ohz     #
#                          --require_prototypes                               #
#    List file          =  C:\Texas Instruments\ZStack-CC2530-2.3.0-1.4.0\Pro #
#                          jects\zstack\Samples\GenericApp\CC2530DB\Coordinat #
#                          orEB\List\MT_UART.lst                              #
#    Object file        =  C:\Texas Instruments\ZStack-CC2530-2.3.0-1.4.0\Pro #
#                          jects\zstack\Samples\GenericApp\CC2530DB\Coordinat #
#                          orEB\Obj\MT_UART.r51                               #
#                                                                             #
#                                                                             #
###############################################################################

C:\Texas Instruments\ZStack-CC2530-2.3.0-1.4.0\Components\mt\MT_UART.c
      1          /***************************************************************************************************
      2            Filename:       MT_UART.c
      3            Revised:        $Date: 2009-03-12 16:25:22 -0700 (Thu, 12 Mar 2009) $
      4            Revision:       $Revision: 19404 $
      5          
      6            Description:  This module handles anything dealing with the serial port.
      7          
      8            Copyright 2007 Texas Instruments Incorporated. All rights reserved.
      9          
     10            IMPORTANT: Your use of this Software is limited to those specific rights
     11            granted under the terms of a software license agreement between the user
     12            who downloaded the software, his/her employer (which must be your employer)
     13            and Texas Instruments Incorporated (the "License").  You may not use this
     14            Software unless you agree to abide by the terms of the License. The License
     15            limits your use, and you acknowledge, that the Software may not be modified,
     16            copied or distributed unless embedded on a Texas Instruments microcontroller
     17            or used solely and exclusively in conjunction with a Texas Instruments radio
     18            frequency transceiver, which is integrated into your product.  Other than for
     19            the foregoing purpose, you may not use, reproduce, copy, prepare derivative
     20            works of, modify, distribute, perform, display or sell this Software and/or
     21            its documentation for any purpose.
     22          
     23            YOU FURTHER ACKNOWLEDGE AND AGREE THAT THE SOFTWARE AND DOCUMENTATION ARE
     24            PROVIDED 揂S IS?WITHOUT WARRANTY OF ANY KIND, EITHER EXPRESS OR IMPLIED,
     25            INCLUDING WITHOUT LIMITATION, ANY WARRANTY OF MERCHANTABILITY, TITLE,
     26            NON-INFRINGEMENT AND FITNESS FOR A PARTICULAR PURPOSE. IN NO EVENT SHALL
     27            TEXAS INSTRUMENTS OR ITS LICENSORS BE LIABLE OR OBLIGATED UNDER CONTRACT,
     28            NEGLIGENCE, STRICT LIABILITY, CONTRIBUTION, BREACH OF WARRANTY, OR OTHER
     29            LEGAL EQUITABLE THEORY ANY DIRECT OR INDIRECT DAMAGES OR EXPENSES
     30            INCLUDING BUT NOT LIMITED TO ANY INCIDENTAL, SPECIAL, INDIRECT, PUNITIVE
     31            OR CONSEQUENTIAL DAMAGES, LOST PROFITS OR LOST DATA, COST OF PROCUREMENT
     32            OF SUBSTITUTE GOODS, TECHNOLOGY, SERVICES, OR ANY CLAIMS BY THIRD PARTIES
     33            (INCLUDING BUT NOT LIMITED TO ANY DEFENSE THEREOF), OR OTHER SIMILAR COSTS.
     34          
     35            Should you have any questions regarding your right to use this Software,
     36            contact Texas Instruments Incorporated at www.TI.com.
     37          
     38          ***************************************************************************************************/
     39          
     40          /***************************************************************************************************
     41           * INCLUDES
     42           ***************************************************************************************************/
     43          #include "ZComDef.h"
     44          #include "OSAL.h"
     45          #include "hal_uart.h"
     46          #include "MT.h"
     47          #include "MT_UART.h"
     48          #include "OSAL_Memory.h"
     49          
     50          #ifdef SERIALAPP
     51          #include "serialapp.h"
     52          #endif
     53          
     54          #ifdef GENERIC_SERIALAPP
     55          #include "Coordinator.h"
     56          #endif
     57          /***************************************************************************************************
     58           * MACROS
     59           ***************************************************************************************************/
     60          
     61          /***************************************************************************************************
     62           * CONSTANTS
     63           ***************************************************************************************************/
     64          /* State values for ZTool protocal */
     65          #define SOP_STATE      0x00
     66          #define CMD_STATE1     0x01
     67          #define CMD_STATE2     0x02
     68          #define LEN_STATE      0x03
     69          #define DATA_STATE     0x04
     70          #define FCS_STATE      0x05
     71          
     72          /***************************************************************************************************
     73           *                                         GLOBAL VARIABLES
     74           ***************************************************************************************************/
     75          /* Used to indentify the application ID for osal task */

   \                                 In  segment XDATA_Z, align 1, keep-with-next
     76          byte App_TaskID;
   \                     App_TaskID:
   \   000000                DS 1
   \   000001                REQUIRE __INIT_XDATA_Z
     77          
     78          /* ZTool protocal parameters */

   \                                 In  segment XDATA_Z, align 1, keep-with-next
     79          uint8 state;
   \                     state:
   \   000000                DS 1
   \   000001                REQUIRE __INIT_XDATA_Z

   \                                 In  segment XDATA_Z, align 1, keep-with-next
     80          uint8  CMD_Token[2];
   \                     CMD_Token:
   \   000000                DS 2
   \   000002                REQUIRE __INIT_XDATA_Z

   \                                 In  segment XDATA_Z, align 1, keep-with-next
     81          uint8  LEN_Token;
   \                     LEN_Token:
   \   000000                DS 1
   \   000001                REQUIRE __INIT_XDATA_Z

   \                                 In  segment XDATA_Z, align 1, keep-with-next
     82          uint8  FSC_Token;
   \                     FSC_Token:
   \   000000                DS 1
   \   000001                REQUIRE __INIT_XDATA_Z

   \                                 In  segment XDATA_Z, align 1, keep-with-next
     83          mtOSALSerialData_t  *pMsg;
   \                     pMsg:
   \   000000                DS 2
   \   000002                REQUIRE __INIT_XDATA_Z

   \                                 In  segment XDATA_Z, align 1, keep-with-next
     84          uint8  tempDataLen;
   \                     tempDataLen:
   \   000000                DS 1
   \   000001                REQUIRE __INIT_XDATA_Z
     85          
     86          #if defined (ZAPP_P1) || defined (ZAPP_P2)
     87          uint16  MT_UartMaxZAppBufLen;
     88          bool    MT_UartZAppRxStatus;
     89          #endif
     90          
     91          
     92          /***************************************************************************************************
     93           *                                          LOCAL FUNCTIONS
     94           ***************************************************************************************************/
     95          
     96          /***************************************************************************************************
     97           * @fn      MT_UartInit
     98           *
     99           * @brief   Initialize MT with UART support
    100           *
    101           * @param   None
    102           *
    103           * @return  None
    104          ***************************************************************************************************/

   \                                 In  segment BANKED_CODE, align 1, keep-with-next
    105          void MT_UartInit ()
   \                     MT_UartInit:
    106          {
   \   000000   C082         PUSH    DPL
   \   000002   C083         PUSH    DPH
   \   000004                ; Saved register size: 2
   \   000004                ; Auto size: 29
   \   000004   74E3         MOV     A,#-0x1d
   \   000006   12....       LCALL   ?ALLOC_XSTACK8
    107            halUARTCfg_t uartConfig;
    108          
    109            /* Initialize APP ID */
    110            App_TaskID = 0;
   \   000009   90....       MOV     DPTR,#App_TaskID
   \   00000C   E4           CLR     A
   \   00000D   F0           MOVX    @DPTR,A
    111          
    112            /* UART Configuration */
    113            uartConfig.configured           = TRUE;
   \   00000E   85..82       MOV     DPL,?XSP + 0
   \   000011   85..83       MOV     DPH,?XSP + 1
   \   000014   04           INC     A
   \   000015   F0           MOVX    @DPTR,A
    114            uartConfig.baudRate             = HAL_UART_BR_115200;//MT_UART_DEFAULT_BAUDRATE;
   \   000016   12....       LCALL   ?XSTACK_DISP0_8
   \   000019   7404         MOV     A,#0x4
   \   00001B   F0           MOVX    @DPTR,A
    115            uartConfig.flowControl          = MT_UART_DEFAULT_OVERFLOW;
   \   00001C   7402         MOV     A,#0x2
   \   00001E   12....       LCALL   ?XSTACK_DISP0_8
   \   000021   E4           CLR     A
   \   000022   F0           MOVX    @DPTR,A
    116            uartConfig.flowControlThreshold = MT_UART_DEFAULT_THRESHOLD;
   \   000023   7403         MOV     A,#0x3
   \   000025   12....       LCALL   ?XSTACK_DISP0_8
   \   000028   7440         MOV     A,#0x40
   \   00002A   F0           MOVX    @DPTR,A
   \   00002B   A3           INC     DPTR
   \   00002C   E4           CLR     A
   \   00002D   F0           MOVX    @DPTR,A
    117            uartConfig.rx.maxBufSize        = MT_UART_DEFAULT_MAX_RX_BUFF;
   \   00002E   740A         MOV     A,#0xa
   \   000030   12....       LCALL   ?XSTACK_DISP0_8
   \   000033   7480         MOV     A,#-0x80
   \   000035   F0           MOVX    @DPTR,A
   \   000036   A3           INC     DPTR
   \   000037   E4           CLR     A
   \   000038   F0           MOVX    @DPTR,A
    118            uartConfig.tx.maxBufSize        = MT_UART_DEFAULT_MAX_TX_BUFF;
   \   000039   7412         MOV     A,#0x12
   \   00003B   12....       LCALL   ?XSTACK_DISP0_8
   \   00003E   7480         MOV     A,#-0x80
   \   000040   F0           MOVX    @DPTR,A
   \   000041   A3           INC     DPTR
   \   000042   E4           CLR     A
   \   000043   F0           MOVX    @DPTR,A
    119            uartConfig.idleTimeout          = MT_UART_DEFAULT_IDLE_TIMEOUT;
   \   000044   7405         MOV     A,#0x5
   \   000046   12....       LCALL   ?XSTACK_DISP0_8
   \   000049   7406         MOV     A,#0x6
   \   00004B   F0           MOVX    @DPTR,A
    120            uartConfig.intEnable            = TRUE;
   \   00004C   7416         MOV     A,#0x16
   \   00004E   12....       LCALL   ?XSTACK_DISP0_8
   \   000051   7401         MOV     A,#0x1
   \   000053   F0           MOVX    @DPTR,A
    121          #if defined (ZTOOL_P1) || defined (ZTOOL_P2)
    122            uartConfig.callBackFunc         = MT_UartProcessZToolData;
   \   000054   741B         MOV     A,#0x1b
   \   000056   12....       LCALL   ?XSTACK_DISP0_8
   \   000059   74..         MOV     A,#??MT_UartProcessZToolData?relay & 0xff
   \   00005B   F0           MOVX    @DPTR,A
   \   00005C   A3           INC     DPTR
   \   00005D   74..         MOV     A,#(??MT_UartProcessZToolData?relay >> 8) & 0xff
   \   00005F   F0           MOVX    @DPTR,A
    123          #elif defined (ZAPP_P1) || defined (ZAPP_P2)
    124            uartConfig.callBackFunc         = MT_UartProcessZAppData;
    125          #else
    126            uartConfig.callBackFunc         = NULL;
    127          #endif
    128          
    129            /* Start UART */
    130          #if defined (MT_UART_DEFAULT_PORT)
    131            HalUARTOpen (MT_UART_DEFAULT_PORT, &uartConfig);
   \   000060                ; Setup parameters for call to function HalUARTOpen
   \   000060   85..82       MOV     DPL,?XSP + 0
   \   000063   85..83       MOV     DPH,?XSP + 1
   \   000066   AA82         MOV     R2,DPL
   \   000068   AB83         MOV     R3,DPH
   \   00006A   7900         MOV     R1,#0x0
   \   00006C   12....       LCALL   ??HalUARTOpen?relay
    132          #else
    133            /* Silence IAR compiler warning */
    134            (void)uartConfig;
    135          #endif
    136          
    137            /* Initialize for ZApp */
    138          #if defined (ZAPP_P1) || defined (ZAPP_P2)
    139            /* Default max bytes that ZAPP can take */
    140            MT_UartMaxZAppBufLen  = 1;
    141            MT_UartZAppRxStatus   = MT_UART_ZAPP_RX_READY;
    142          #endif
    143          
    144          }
   \   00006F   741D         MOV     A,#0x1d
   \   000071   12....       LCALL   ?DEALLOC_XSTACK8
   \   000074                REQUIRE ?Subroutine0
   \   000074                ; // Fall through to label ?Subroutine0

   \                                 In  segment BANKED_CODE, align 1, keep-with-next
   \                     ?Subroutine0:
   \   000000   D083         POP     DPH
   \   000002   D082         POP     DPL
   \   000004   02....       LJMP    ?BRET
    145          
    146          /***************************************************************************************************
    147           * @fn      MT_SerialRegisterTaskID
    148           *
    149           * @brief   This function registers the taskID of the application so it knows
    150           *          where to send the messages whent they come in.
    151           *
    152           * @param   void
    153           *
    154           * @return  void
    155           ***************************************************************************************************/

   \                                 In  segment BANKED_CODE, align 1, keep-with-next
    156          void MT_UartRegisterTaskID( byte taskID )
   \                     MT_UartRegisterTaskID:
    157          {
   \   000000   C082         PUSH    DPL
   \   000002   C083         PUSH    DPH
   \   000004                ; Saved register size: 2
   \   000004                ; Auto size: 0
    158            App_TaskID = taskID;
   \   000004   E9           MOV     A,R1
   \   000005   90....       MOV     DPTR,#App_TaskID
   \   000008   F0           MOVX    @DPTR,A
    159          }
   \   000009   80..         SJMP    ?Subroutine0
    160          
    161          /***************************************************************************************************
    162           * @fn      SPIMgr_CalcFCS
    163           *
    164           * @brief   Calculate the FCS of a message buffer by XOR'ing each byte.
    165           *          Remember to NOT include SOP and FCS fields, so start at the CMD field.
    166           *
    167           * @param   byte *msg_ptr - message pointer
    168           * @param   byte len - length (in bytes) of message
    169           *
    170           * @return  result byte
    171           ***************************************************************************************************/

   \                                 In  segment BANKED_CODE, align 1, keep-with-next
    172          byte MT_UartCalcFCS( uint8 *msg_ptr, uint8 len )
   \                     MT_UartCalcFCS:
    173          {
   \   000000   C082         PUSH    DPL
   \   000002   C083         PUSH    DPH
   \   000004                ; Saved register size: 2
   \   000004                ; Auto size: 0
   \   000004   E9           MOV     A,R1
   \   000005   FC           MOV     R4,A
    174            byte x;
    175            byte xorResult;
    176          
    177            xorResult = 0;
   \   000006   7900         MOV     R1,#0x0
    178          
    179            for ( x = 0; x < len; x++, msg_ptr++ )
   \   000008   7800         MOV     R0,#0x0
   \   00000A   800E         SJMP    ??MT_UartCalcFCS_0
    180              xorResult = xorResult ^ *msg_ptr;
   \                     ??MT_UartCalcFCS_1:
   \   00000C   8A82         MOV     DPL,R2
   \   00000E   8B83         MOV     DPH,R3
   \   000010   E0           MOVX    A,@DPTR
   \   000011   C9           XCH     A,R1
   \   000012   69           XRL     A,R1
   \   000013   F9           MOV     R1,A
   \   000014   08           INC     R0
   \   000015   A3           INC     DPTR
   \   000016   AA82         MOV     R2,DPL
   \   000018   AB83         MOV     R3,DPH
   \                     ??MT_UartCalcFCS_0:
   \   00001A   E8           MOV     A,R0
   \   00001B   C3           CLR     C
   \   00001C   9C           SUBB    A,R4
   \   00001D   40ED         JC      ??MT_UartCalcFCS_1
    181          
    182            return ( xorResult );
   \   00001F   80..         SJMP    ?Subroutine0
    183          }
    184          
    185          
    186          /***************************************************************************************************
    187           * @fn      MT_UartProcessZToolData
    188           *
    189           * @brief   | SOP | Data Length  |   CMD   |   Data   |  FCS  |
    190           *          |  1  |     1        |    2    |  0-Len   |   1   |
    191           *
    192           *          Parses the data and determine either is SPI or just simply serial data
    193           *          then send the data to correct place (MT or APP)
    194           *
    195           * @param   port     - UART port
    196           *          event    - Event that causes the callback
    197           *
    198           *
    199           * @return  None
    200           ***************************************************************************************************/

   \                                 In  segment BANKED_CODE, align 1, keep-with-next
    201          void MT_UartProcessZToolData ( uint8 port, uint8 event )
   \                     MT_UartProcessZToolData:
    202          {
   \   000000   74F6         MOV     A,#-0xa
   \   000002   12....       LCALL   ?BANKED_ENTER_XDATA
   \   000005                ; Saved register size: 10
   \   000005                ; Auto size: 128
   \   000005   7480         MOV     A,#-0x80
   \   000007   12....       LCALL   ?ALLOC_XSTACK8
   \   00000A   E9           MOV     A,R1
   \   00000B   FE           MOV     R6,A
   \   00000C   EA           MOV     A,R2
    203            uint8 RxLen;
    204            uint8 buf[128]; //串口buffer最大缓冲默认是128，我们这里用128.  
    205            
    206              if (event & /*( HAL_UART_RX_FULL | HAL_UART_RX_ABOUT_FULL |*/ HAL_UART_RX_TIMEOUT)//)
   \   00000D   A2E2         MOV     C,0xE0 /* A   */.2
   \   00000F   5018         JNC     ??MT_UartProcessZToolData_0
    207              {
    208                  RxLen = Hal_UART_RxBufLen(port);
   \   000011                ; Setup parameters for call to function Hal_UART_RxBufLen
   \   000011   12....       LCALL   ??Hal_UART_RxBufLen?relay
   \   000014   EA           MOV     A,R2
    209                  
    210                if(RxLen > 0)
   \   000015   6012         JZ      ??MT_UartProcessZToolData_0
    211                {
    212                  HalUARTRead (port, buf , RxLen);
   \   000017                ; Setup parameters for call to function HalUARTRead
   \   000017   FC           MOV     R4,A
   \   000018   7D00         MOV     R5,#0x0
   \   00001A   85..82       MOV     DPL,?XSP + 0
   \   00001D   85..83       MOV     DPH,?XSP + 1
   \   000020   AA82         MOV     R2,DPL
   \   000022   AB83         MOV     R3,DPH
   \   000024   EE           MOV     A,R6
   \   000025   F9           MOV     R1,A
   \   000026   12....       LCALL   ??HalUARTRead?relay
    213          //        HalUARTWrite(port,buf, RxLen);
    214          #ifdef GENERIC_SERIALAPP        
    215                  SampleApp_SendMessage(buf,RxLen);
    216          #endif
    217                }    
    218               }
    219          }
   \                     ??MT_UartProcessZToolData_0:
   \   000029   7480         MOV     A,#-0x80
   \   00002B   12....       LCALL   ?DEALLOC_XSTACK8
   \   00002E   7F02         MOV     R7,#0x2
   \   000030   02....       LJMP    ?BANKED_LEAVE_XDATA

   \                                 In  segment BANK_RELAYS, align 1
   \                     ??MT_UartInit?relay:
   \   000000   12....       LCALL   ?BDISPATCH
   \   000003   ......       DC24    MT_UartInit

   \                                 In  segment BANK_RELAYS, align 1
   \                     ??MT_UartRegisterTaskID?relay:
   \   000000   12....       LCALL   ?BDISPATCH
   \   000003   ......       DC24    MT_UartRegisterTaskID

   \                                 In  segment BANK_RELAYS, align 1
   \                     ??MT_UartCalcFCS?relay:
   \   000000   12....       LCALL   ?BDISPATCH
   \   000003   ......       DC24    MT_UartCalcFCS

   \                                 In  segment BANK_RELAYS, align 1
   \                     ??MT_UartProcessZToolData?relay:
   \   000000   12....       LCALL   ?BDISPATCH
   \   000003   ......       DC24    MT_UartProcessZToolData
    220          
    221          #if defined (ZAPP_P1) || defined (ZAPP_P2)
    222          /***************************************************************************************************
    223           * @fn      MT_UartProcessZAppData
    224           *
    225           * @brief   | SOP | CMD  |   Data Length   | FSC  |
    226           *          |  1  |  2   |       1         |  1   |
    227           *
    228           *          Parses the data and determine either is SPI or just simply serial data
    229           *          then send the data to correct place (MT or APP)
    230           *
    231           * @param   port    - UART port
    232           *          event   - Event that causes the callback
    233           *
    234           *
    235           * @return  None
    236           ***************************************************************************************************/
    237          void MT_UartProcessZAppData ( uint8 port, uint8 event )
    238          {
    239          
    240            osal_event_hdr_t  *msg_ptr;
    241            uint16 length = 0;
    242            uint16 rxBufLen  = Hal_UART_RxBufLen(MT_UART_DEFAULT_PORT);
    243          
    244            /*
    245               If maxZAppBufferLength is 0 or larger than current length
    246               the entire length of the current buffer is returned.
    247            */
    248            if ((MT_UartMaxZAppBufLen != 0) && (MT_UartMaxZAppBufLen <= rxBufLen))
    249            {
    250              length = MT_UartMaxZAppBufLen;
    251            }
    252            else
    253            {
    254              length = rxBufLen;
    255            }
    256          
    257            /* Verify events */
    258            if (event == HAL_UART_TX_FULL)
    259            {
    260              // Do something when TX if full
    261              return;
    262            }
    263          
    264            if (event & ( HAL_UART_RX_FULL | HAL_UART_RX_ABOUT_FULL | HAL_UART_RX_TIMEOUT))
    265            {
    266              if ( App_TaskID )
    267              {
    268                /*
    269                   If Application is ready to receive and there is something
    270                   in the Rx buffer then send it up
    271                */
    272                if ((MT_UartZAppRxStatus == MT_UART_ZAPP_RX_READY ) && (length != 0))
    273                {
    274                  /* Disable App flow control until it processes the current data */
    275                   MT_UartAppFlowControl (MT_UART_ZAPP_RX_NOT_READY);
    276          
    277                  /* 2 more bytes are added, 1 for CMD type, other for length */
    278                  msg_ptr = (osal_event_hdr_t *)osal_msg_allocate( length + sizeof(osal_event_hdr_t) );
    279                  if ( msg_ptr )
    280                  {
    281                    msg_ptr->event = SPI_INCOMING_ZAPP_DATA;
    282                    msg_ptr->status = length;
    283          
    284                    /* Read the data of Rx buffer */
    285                    HalUARTRead( MT_UART_DEFAULT_PORT, (uint8 *)(msg_ptr + 1), length );
    286          
    287                    /* Send the raw data to application...or where ever */
    288                    osal_msg_send( App_TaskID, (uint8 *)msg_ptr );
    289                  }
    290                }
    291              }
    292            }
    293          }
    294          
    295          /***************************************************************************************************
    296           * @fn      SPIMgr_ZAppBufferLengthRegister
    297           *
    298           * @brief
    299           *
    300           * @param   maxLen - Max Length that the application wants at a time
    301           *
    302           * @return  None
    303           *
    304           ***************************************************************************************************/
    305          void MT_UartZAppBufferLengthRegister ( uint16 maxLen )
    306          {
    307            /* If the maxLen is larger than the RX buff, something is not right */
    308            if (maxLen <= MT_UART_DEFAULT_MAX_RX_BUFF)
    309              MT_UartMaxZAppBufLen = maxLen;
    310            else
    311              MT_UartMaxZAppBufLen = 1; /* default is 1 byte */
    312          }
    313          
    314          /***************************************************************************************************
    315           * @fn      SPIMgr_AppFlowControl
    316           *
    317           * @brief
    318           *
    319           * @param   status - ready to send or not
    320           *
    321           * @return  None
    322           *
    323           ***************************************************************************************************/
    324          void MT_UartAppFlowControl ( bool status )
    325          {
    326          
    327            /* Make sure only update if needed */
    328            if (status != MT_UartZAppRxStatus )
    329            {
    330              MT_UartZAppRxStatus = status;
    331            }
    332          
    333            /* App is ready to read again, ProcessZAppData have to be triggered too */
    334            if (status == MT_UART_ZAPP_RX_READY)
    335            {
    336              MT_UartProcessZAppData (MT_UART_DEFAULT_PORT, HAL_UART_RX_TIMEOUT );
    337            }
    338          
    339          }
    340          
    341          #endif //ZAPP
    342          
    343          /***************************************************************************************************
    344          ***************************************************************************************************/

   Maximum stack usage in bytes:

     Function                ISTACK PSTACK XSTACK
     --------                ------ ------ ------
     MT_UartCalcFCS              2      0      0
     MT_UartInit                 2      0     29
       -> HalUARTOpen            4      0     58
     MT_UartProcessZToolData     0      0    138
       -> Hal_UART_RxBufLen      0      0    276
       -> HalUARTRead            0      0    276
     MT_UartRegisterTaskID       2      0      0


   Segment part sizes:

     Function/Label                  Bytes
     --------------                  -----
     App_TaskID                         1
     state                              1
     CMD_Token                          2
     LEN_Token                          1
     FSC_Token                          1
     pMsg                               2
     tempDataLen                        1
     MT_UartInit                      116
     ?Subroutine0                       7
     MT_UartRegisterTaskID             11
     MT_UartCalcFCS                    33
     MT_UartProcessZToolData           51
     ??MT_UartInit?relay                6
     ??MT_UartRegisterTaskID?relay      6
     ??MT_UartCalcFCS?relay             6
     ??MT_UartProcessZToolData?relay    6

 
 218 bytes in segment BANKED_CODE
  24 bytes in segment BANK_RELAYS
   9 bytes in segment XDATA_Z
 
 242 bytes of CODE  memory
   9 bytes of XDATA memory

Errors: none
Warnings: none
