<html>
<body>
<pre>
<h1>礦ision Build Log</h1>
<h2>Project:</h2>
E:\平台资料\FS_11C14物联网开发平台配套资料V6.0\源码测试\23_距离传感器试验\测距\project.uvproj
Project File Date:  07/20/2014

<h2>Output:</h2>
Rebuild target 'Sensor_Prj'
assembling startup_LPC11xx.s...
compiling core_cm0.c...
compiling system_LPC11xx.c...
compiling adc.c...
compiling gpio.c...
compiling ssp.c...
compiling retarget.c...
compiling uart.c...
compiling tools.c...
compiling oled2864.c...
compiling main.c...
compiling lpc11c14_it.c...
compiling sensor.c...
linking...
Program Size: Code=12952 RO-data=2704 RW-data=108 ZI-data=676  
FromELF: creating hex file...
".\output\Sensor_Prj.axf" - 0 Error(s), 0 Warning(s).
Load "E:\\平台资料\\FS_11C14物联网开发平台配套资料V6.0\\源码测试\\23_距离传感器试验\\测距\\output\\Sensor_Prj.AXF" 
'C:\Keil\ARM\BIN\coocox-agdi.dll' invalid peripheral driver
Load "E:\\平台资料\\FS_11C14物联网开发平台配套资料V6.0\\源码测试\\23_距离传感器试验\\测距\\output\\Sensor_Prj.AXF" 
'C:\Keil\ARM\BIN\coocox-agdi.dll' invalid peripheral driver
Load "E:\\平台资料\\FS_11C14物联网开发平台配套资料V6.0\\源码测试\\23_距离传感器试验\\测距\\output\\Sensor_Prj.AXF" 
Erasing Done.
Programming Done: 21.05 KByte/s
Verify Done.
